#
# There is insufficient memory for the Java Runtime Environment to continue.
# Native memory allocation (malloc) failed to allocate 2321776 bytes for Chunk::new
# Possible reasons:
#   The system is out of physical RAM or swap space
#   The process is running with CompressedOops enabled, and the Java Heap may be blocking the growth of the native heap
# Possible solutions:
#   Reduce memory load on the system
#   Increase physical memory or swap space
#   Check if swap backing store is full
#   Decrease Java heap size (-Xmx/-Xms)
#   Decrease number of Java threads
#   Decrease Java thread stack sizes (-Xss)
#   Set larger code cache with -XX:ReservedCodeCacheSize=
#   JVM is running with Unscaled Compressed Oops mode in which the Java heap is
#     placed in the first 4GB address space. The Java Heap base address is the
#     maximum limit for the native heap growth. Please use -XX:HeapBaseMinAddress
#     to set the Java Heap base and to place the Java Heap above 4GB virtual address.
# This output file may be truncated or incomplete.
#
#  Out of Memory Error (./open/src/hotspot/share/memory/arena.cpp:197), pid=16680, tid=2420
#
# JRE version: Java(TM) SE Runtime Environment 18.9 (11.0.28+12) (build 11.0.28+12-LTS-279)
# Java VM: Java HotSpot(TM) 64-Bit Server VM 18.9 (11.0.28+12-LTS-279, mixed mode, tiered, compressed oops, g1 gc, windows-amd64)
# No core dump will be written. Minidumps are not enabled by default on client versions of Windows
#

---------------  S U M M A R Y ------------

Command Line: -javaagent:C:\Program Files\JetBrains\IntelliJ IDEA 2025.2.5\lib\idea_rt.jar=59513 -Dfile.encoding=UTF-8 lk.karu.openbay.Main

Host: Intel(R) Core(TM) i5-6500 CPU @ 3.20GHz, 4 cores, 7G,  Windows 11 , 64 bit Build 26100 (10.0.26100.7309)
Time: Tue Jan 13 22:13:41 2026 Sri Lanka Standard Time elapsed time: 43.275902 seconds (0d 0h 0m 43s)

---------------  T H R E A D  ---------------

Current thread (0x000001f1740ec000):  JavaThread "C2 CompilerThread0" daemon [_thread_in_native, id=2420, stack(0x00000019c0b00000,0x00000019c0c00000)]


Current CompileTask:
C2:  43276 5186       4       org.antlr.v4.runtime.atn.ParserATNSimulator::closureCheckingStopState (244 bytes)

Stack: [0x00000019c0b00000,0x00000019c0c00000]
Native frames: (J=compiled Java code, j=interpreted, Vv=VM code, C=native code)
V  [jvm.dll+0x65886a]
V  [jvm.dll+0x79b4cf]
V  [jvm.dll+0x79cb99]
V  [jvm.dll+0x79d243]
V  [jvm.dll+0x255965]
V  [jvm.dll+0xb312c]
V  [jvm.dll+0xb373c]
V  [jvm.dll+0x35fcd1]
V  [jvm.dll+0x32c935]
V  [jvm.dll+0x32bd1a]
V  [jvm.dll+0x20f31d]
V  [jvm.dll+0x20e2ed]
V  [jvm.dll+0x18b581]
V  [jvm.dll+0x21e944]
V  [jvm.dll+0x21cc6c]
V  [jvm.dll+0x75f381]
V  [jvm.dll+0x757ca4]
V  [jvm.dll+0x657715]
C  [ucrtbase.dll+0x37b0]
C  [KERNEL32.DLL+0x2e8d7]
C  [ntdll.dll+0x8c53c]


---------------  P R O C E S S  ---------------

Threads class SMR info:
_java_thread_list=0x000001f179823db0, length=29, elements={
0x000001f15692f000, 0x000001f1740d7000, 0x000001f1740e0800, 0x000001f1740e3800,
0x000001f1740e8000, 0x000001f1740e9000, 0x000001f1740ec000, 0x000001f1740ee800,
0x000001f174999000, 0x000001f174066000, 0x000001f174b42000, 0x000001f175ef5800,
0x000001f175d7a800, 0x000001f1753aa800, 0x000001f1753bb000, 0x000001f174a91000,
0x000001f175725800, 0x000001f174a8e800, 0x000001f174a8f000, 0x000001f174a9f800,
0x000001f175bde800, 0x000001f175be1000, 0x000001f175be1800, 0x000001f175bdf800,
0x000001f175be2800, 0x000001f175be0000, 0x000001f175be3800, 0x000001f175be4000,
0x000001f17968d800
}

Java Threads: ( => current thread )
  0x000001f15692f000 JavaThread "main" [_thread_blocked, id=13424, stack(0x00000019bff00000,0x00000019c0000000)]
  0x000001f1740d7000 JavaThread "Reference Handler" daemon [_thread_blocked, id=19600, stack(0x00000019c0600000,0x00000019c0700000)]
  0x000001f1740e0800 JavaThread "Finalizer" daemon [_thread_blocked, id=20316, stack(0x00000019c0700000,0x00000019c0800000)]
  0x000001f1740e3800 JavaThread "Signal Dispatcher" daemon [_thread_blocked, id=19024, stack(0x00000019c0800000,0x00000019c0900000)]
  0x000001f1740e8000 JavaThread "Attach Listener" daemon [_thread_blocked, id=17472, stack(0x00000019c0900000,0x00000019c0a00000)]
  0x000001f1740e9000 JavaThread "Service Thread" daemon [_thread_blocked, id=15044, stack(0x00000019c0a00000,0x00000019c0b00000)]
=>0x000001f1740ec000 JavaThread "C2 CompilerThread0" daemon [_thread_in_native, id=2420, stack(0x00000019c0b00000,0x00000019c0c00000)]
  0x000001f1740ee800 JavaThread "C1 CompilerThread0" daemon [_thread_blocked, id=1664, stack(0x00000019c0c00000,0x00000019c0d00000)]
  0x000001f174999000 JavaThread "Sweeper thread" daemon [_thread_blocked, id=15008, stack(0x00000019c0d00000,0x00000019c0e00000)]
  0x000001f174066000 JavaThread "Common-Cleaner" daemon [_thread_blocked, id=18708, stack(0x00000019c0e00000,0x00000019c0f00000)]
  0x000001f174b42000 JavaThread "Monitor Ctrl-Break" daemon [_thread_in_native, id=6960, stack(0x00000019c1000000,0x00000019c1100000)]
  0x000001f175ef5800 JavaThread "pool-1-thread-1" [_thread_blocked, id=17444, stack(0x00000019c0f00000,0x00000019c1000000)]
  0x000001f175d7a800 JavaThread "Catalina-utility-1" [_thread_blocked, id=17488, stack(0x00000019c1400000,0x00000019c1500000)]
  0x000001f1753aa800 JavaThread "Catalina-utility-2" [_thread_blocked, id=18412, stack(0x00000019c1500000,0x00000019c1600000)]
  0x000001f1753bb000 JavaThread "http-nio-8080-exec-1" daemon [_thread_blocked, id=5172, stack(0x00000019c1600000,0x00000019c1700000)]
  0x000001f174a91000 JavaThread "http-nio-8080-exec-2" daemon [_thread_blocked, id=9016, stack(0x00000019c1700000,0x00000019c1800000)]
  0x000001f175725800 JavaThread "http-nio-8080-exec-3" daemon [_thread_blocked, id=7888, stack(0x00000019c1800000,0x00000019c1900000)]
  0x000001f174a8e800 JavaThread "http-nio-8080-exec-4" daemon [_thread_blocked, id=15112, stack(0x00000019c1900000,0x00000019c1a00000)]
  0x000001f174a8f000 JavaThread "http-nio-8080-exec-5" daemon [_thread_blocked, id=13696, stack(0x00000019c1a00000,0x00000019c1b00000)]
  0x000001f174a9f800 JavaThread "http-nio-8080-exec-6" daemon [_thread_blocked, id=20184, stack(0x00000019c1b00000,0x00000019c1c00000)]
  0x000001f175bde800 JavaThread "http-nio-8080-exec-7" daemon [_thread_blocked, id=12516, stack(0x00000019c1c00000,0x00000019c1d00000)]
  0x000001f175be1000 JavaThread "http-nio-8080-exec-8" daemon [_thread_blocked, id=460, stack(0x00000019c1d00000,0x00000019c1e00000)]
  0x000001f175be1800 JavaThread "http-nio-8080-exec-9" daemon [_thread_blocked, id=19828, stack(0x00000019c1e00000,0x00000019c1f00000)]
  0x000001f175bdf800 JavaThread "http-nio-8080-exec-10" daemon [_thread_blocked, id=14876, stack(0x00000019c1f00000,0x00000019c2000000)]
  0x000001f175be2800 JavaThread "http-nio-8080-Poller" daemon [_thread_in_native, id=17964, stack(0x00000019c2000000,0x00000019c2100000)]
  0x000001f175be0000 JavaThread "http-nio-8080-Acceptor" daemon [_thread_in_native, id=232, stack(0x00000019c2100000,0x00000019c2200000)]
  0x000001f175be3800 JavaThread "mysql-cj-abandoned-connection-cleanup" daemon [_thread_blocked, id=10356, stack(0x00000019c2200000,0x00000019c2300000)]
  0x000001f175be4000 JavaThread "Hibernate Connection Pool Validation Thread" daemon [_thread_blocked, id=16808, stack(0x00000019c2400000,0x00000019c2500000)]
  0x000001f17968d800 JavaThread "C2 CompilerThread1" daemon [_thread_in_native, id=19360, stack(0x00000019c2500000,0x00000019c2600000)]

Other Threads:
  0x000001f1740cf000 VMThread "VM Thread" [stack: 0x00000019c0500000,0x00000019c0600000] [id=19144]
  0x000001f17501d800 WatcherThread [stack: 0x00000019c1100000,0x00000019c1200000] [id=13548]
  0x000001f156944800 GCTaskThread "GC Thread#0" [stack: 0x00000019c0000000,0x00000019c0100000] [id=19748]
  0x000001f175353000 GCTaskThread "GC Thread#1" [stack: 0x00000019c1200000,0x00000019c1300000] [id=20440]
  0x000001f1751e6000 GCTaskThread "GC Thread#2" [stack: 0x00000019c1300000,0x00000019c1400000] [id=19472]
  0x000001f175a5c800 GCTaskThread "GC Thread#3" [stack: 0x00000019c2300000,0x00000019c2400000] [id=15780]
  0x000001f156975800 ConcurrentGCThread "G1 Main Marker" [stack: 0x00000019c0100000,0x00000019c0200000] [id=18804]
  0x000001f156979800 ConcurrentGCThread "G1 Conc#0" [stack: 0x00000019c0200000,0x00000019c0300000] [id=19452]
  0x000001f173f11800 ConcurrentGCThread "G1 Refine#0" [stack: 0x00000019c0300000,0x00000019c0400000] [id=16348]
  0x000001f173f12800 ConcurrentGCThread "G1 Young RemSet Sampling" [stack: 0x00000019c0400000,0x00000019c0500000] [id=3656]

Threads with active compile tasks:
C2 CompilerThread0    43362 5186       4       org.antlr.v4.runtime.atn.ParserATNSimulator::closureCheckingStopState (244 bytes)
C2 CompilerThread1    43362 5194       4       org.antlr.v4.runtime.atn.ParserATNSimulator::closure_ (311 bytes)

VM state:not at safepoint (normal execution)

VM Mutex/Monitor currently owned by a thread: None

Heap address: 0x0000000080a00000, size: 2038 MB, Compressed Oops mode: 32-bit
Narrow klass base: 0x0000000000000000, Narrow klass shift: 3
Compressed class space size: 1073741824 Address: 0x0000000100000000

Heap:
 garbage-first heap   total 131072K, used 21698K [0x0000000080a00000, 0x0000000100000000)
  region size 1024K, 9 young (9216K), 8 survivors (8192K)
 Metaspace       used 59177K, capacity 60289K, committed 60496K, reserved 1101824K
  class space    used 7478K, capacity 7922K, committed 7936K, reserved 1048576K
Heap Regions: E=young(eden), S=young(survivor), O=old, HS=humongous(starts), HC=humongous(continues), CS=collection set, F=free, A=archive, TAMS=top-at-mark-start (previous, next)
|   0|0x0000000080a00000, 0x0000000080b00000, 0x0000000080b00000|100%|HS|  |TAMS 0x0000000080b00000, 0x0000000080a00000| Complete 
|   1|0x0000000080b00000, 0x0000000080c00000, 0x0000000080c00000|100%| O|  |TAMS 0x0000000080c00000, 0x0000000080b00000| Untracked 
|   2|0x0000000080c00000, 0x0000000080d00000, 0x0000000080d00000|100%| O|  |TAMS 0x0000000080d00000, 0x0000000080c00000| Untracked 
|   3|0x0000000080d00000, 0x0000000080e00000, 0x0000000080e00000|100%| O|  |TAMS 0x0000000080e00000, 0x0000000080d00000| Untracked 
|   4|0x0000000080e00000, 0x0000000080f00000, 0x0000000080f00000|100%| O|  |TAMS 0x0000000080f00000, 0x0000000080e00000| Untracked 
|   5|0x0000000080f00000, 0x0000000081000000, 0x0000000081000000|100%| O|  |TAMS 0x0000000081000000, 0x0000000080f00000| Untracked 
|   6|0x0000000081000000, 0x0000000081100000, 0x0000000081100000|100%| O|  |TAMS 0x0000000081100000, 0x0000000081000000| Untracked 
|   7|0x0000000081100000, 0x0000000081200000, 0x0000000081200000|100%| O|  |TAMS 0x0000000081200000, 0x0000000081100000| Untracked 
|   8|0x0000000081200000, 0x0000000081300000, 0x0000000081300000|100%| O|  |TAMS 0x0000000081300000, 0x0000000081200000| Untracked 
|   9|0x0000000081300000, 0x0000000081400000, 0x0000000081400000|100%| O|  |TAMS 0x0000000081400000, 0x0000000081300000| Untracked 
|  10|0x0000000081400000, 0x0000000081500000, 0x0000000081500000|100%| O|  |TAMS 0x0000000081500000, 0x0000000081400000| Untracked 
|  11|0x0000000081500000, 0x0000000081600000, 0x0000000081600000|100%| O|  |TAMS 0x0000000081600000, 0x0000000081500000| Untracked 
|  12|0x0000000081600000, 0x0000000081700000, 0x0000000081700000|100%| O|  |TAMS 0x0000000081700000, 0x0000000081600000| Untracked 
|  13|0x0000000081700000, 0x0000000081767600, 0x0000000081800000| 40%| O|  |TAMS 0x0000000081767600, 0x0000000081700000| Untracked 
|  14|0x0000000081800000, 0x0000000081800000, 0x0000000081900000|  0%| F|  |TAMS 0x0000000081800000, 0x0000000081800000| Untracked 
|  15|0x0000000081900000, 0x0000000081900000, 0x0000000081a00000|  0%| F|  |TAMS 0x0000000081900000, 0x0000000081900000| Untracked 
|  16|0x0000000081a00000, 0x0000000081a00000, 0x0000000081b00000|  0%| F|  |TAMS 0x0000000081a00000, 0x0000000081a00000| Untracked 
|  17|0x0000000081b00000, 0x0000000081b00000, 0x0000000081c00000|  0%| F|  |TAMS 0x0000000081b00000, 0x0000000081b00000| Untracked 
|  18|0x0000000081c00000, 0x0000000081c00000, 0x0000000081d00000|  0%| F|  |TAMS 0x0000000081c00000, 0x0000000081c00000| Untracked 
|  19|0x0000000081d00000, 0x0000000081d00000, 0x0000000081e00000|  0%| F|  |TAMS 0x0000000081d00000, 0x0000000081d00000| Untracked 
|  20|0x0000000081e00000, 0x0000000081e00000, 0x0000000081f00000|  0%| F|  |TAMS 0x0000000081e00000, 0x0000000081e00000| Untracked 
|  21|0x0000000081f00000, 0x0000000081f00000, 0x0000000082000000|  0%| F|  |TAMS 0x0000000081f00000, 0x0000000081f00000| Untracked 
|  22|0x0000000082000000, 0x0000000082000000, 0x0000000082100000|  0%| F|  |TAMS 0x0000000082000000, 0x0000000082000000| Untracked 
|  23|0x0000000082100000, 0x0000000082100000, 0x0000000082200000|  0%| F|  |TAMS 0x0000000082100000, 0x0000000082100000| Untracked 
|  24|0x0000000082200000, 0x0000000082200000, 0x0000000082300000|  0%| F|  |TAMS 0x0000000082200000, 0x0000000082200000| Untracked 
|  25|0x0000000082300000, 0x0000000082300000, 0x0000000082400000|  0%| F|  |TAMS 0x0000000082300000, 0x0000000082300000| Untracked 
|  26|0x0000000082400000, 0x0000000082400000, 0x0000000082500000|  0%| F|  |TAMS 0x0000000082400000, 0x0000000082400000| Untracked 
|  27|0x0000000082500000, 0x0000000082500000, 0x0000000082600000|  0%| F|  |TAMS 0x0000000082500000, 0x0000000082500000| Untracked 
|  28|0x0000000082600000, 0x0000000082600000, 0x0000000082700000|  0%| F|  |TAMS 0x0000000082600000, 0x0000000082600000| Untracked 
|  29|0x0000000082700000, 0x0000000082700000, 0x0000000082800000|  0%| F|  |TAMS 0x0000000082700000, 0x0000000082700000| Untracked 
|  30|0x0000000082800000, 0x0000000082800000, 0x0000000082900000|  0%| F|  |TAMS 0x0000000082800000, 0x0000000082800000| Untracked 
|  31|0x0000000082900000, 0x0000000082900000, 0x0000000082a00000|  0%| F|  |TAMS 0x0000000082900000, 0x0000000082900000| Untracked 
|  32|0x0000000082a00000, 0x0000000082a00000, 0x0000000082b00000|  0%| F|  |TAMS 0x0000000082a00000, 0x0000000082a00000| Untracked 
|  33|0x0000000082b00000, 0x0000000082b00000, 0x0000000082c00000|  0%| F|  |TAMS 0x0000000082b00000, 0x0000000082b00000| Untracked 
|  34|0x0000000082c00000, 0x0000000082c00000, 0x0000000082d00000|  0%| F|  |TAMS 0x0000000082c00000, 0x0000000082c00000| Untracked 
|  35|0x0000000082d00000, 0x0000000082d00000, 0x0000000082e00000|  0%| F|  |TAMS 0x0000000082d00000, 0x0000000082d00000| Untracked 
|  36|0x0000000082e00000, 0x0000000082e00000, 0x0000000082f00000|  0%| F|  |TAMS 0x0000000082e00000, 0x0000000082e00000| Untracked 
|  37|0x0000000082f00000, 0x0000000082f00000, 0x0000000083000000|  0%| F|  |TAMS 0x0000000082f00000, 0x0000000082f00000| Untracked 
|  38|0x0000000083000000, 0x0000000083000000, 0x0000000083100000|  0%| F|  |TAMS 0x0000000083000000, 0x0000000083000000| Untracked 
|  39|0x0000000083100000, 0x0000000083100000, 0x0000000083200000|  0%| F|  |TAMS 0x0000000083100000, 0x0000000083100000| Untracked 
|  40|0x0000000083200000, 0x0000000083200000, 0x0000000083300000|  0%| F|  |TAMS 0x0000000083200000, 0x0000000083200000| Untracked 
|  41|0x0000000083300000, 0x0000000083300000, 0x0000000083400000|  0%| F|  |TAMS 0x0000000083300000, 0x0000000083300000| Untracked 
|  42|0x0000000083400000, 0x0000000083400000, 0x0000000083500000|  0%| F|  |TAMS 0x0000000083400000, 0x0000000083400000| Untracked 
|  43|0x0000000083500000, 0x0000000083500000, 0x0000000083600000|  0%| F|  |TAMS 0x0000000083500000, 0x0000000083500000| Untracked 
|  44|0x0000000083600000, 0x0000000083600000, 0x0000000083700000|  0%| F|  |TAMS 0x0000000083600000, 0x0000000083600000| Untracked 
|  45|0x0000000083700000, 0x0000000083700000, 0x0000000083800000|  0%| F|  |TAMS 0x0000000083700000, 0x0000000083700000| Untracked 
|  46|0x0000000083800000, 0x0000000083800000, 0x0000000083900000|  0%| F|  |TAMS 0x0000000083800000, 0x0000000083800000| Untracked 
|  47|0x0000000083900000, 0x0000000083900000, 0x0000000083a00000|  0%| F|  |TAMS 0x0000000083900000, 0x0000000083900000| Untracked 
|  48|0x0000000083a00000, 0x0000000083a00000, 0x0000000083b00000|  0%| F|  |TAMS 0x0000000083a00000, 0x0000000083a00000| Untracked 
|  49|0x0000000083b00000, 0x0000000083b00000, 0x0000000083c00000|  0%| F|  |TAMS 0x0000000083b00000, 0x0000000083b00000| Untracked 
|  50|0x0000000083c00000, 0x0000000083c00000, 0x0000000083d00000|  0%| F|  |TAMS 0x0000000083c00000, 0x0000000083c00000| Untracked 
|  51|0x0000000083d00000, 0x0000000083d00000, 0x0000000083e00000|  0%| F|  |TAMS 0x0000000083d00000, 0x0000000083d00000| Untracked 
|  52|0x0000000083e00000, 0x0000000083e00000, 0x0000000083f00000|  0%| F|  |TAMS 0x0000000083e00000, 0x0000000083e00000| Untracked 
|  53|0x0000000083f00000, 0x0000000083f00000, 0x0000000084000000|  0%| F|  |TAMS 0x0000000083f00000, 0x0000000083f00000| Untracked 
|  54|0x0000000084000000, 0x0000000084000000, 0x0000000084100000|  0%| F|  |TAMS 0x0000000084000000, 0x0000000084000000| Untracked 
|  55|0x0000000084100000, 0x0000000084100000, 0x0000000084200000|  0%| F|  |TAMS 0x0000000084100000, 0x0000000084100000| Untracked 
|  56|0x0000000084200000, 0x0000000084200000, 0x0000000084300000|  0%| F|  |TAMS 0x0000000084200000, 0x0000000084200000| Untracked 
|  57|0x0000000084300000, 0x0000000084300000, 0x0000000084400000|  0%| F|  |TAMS 0x0000000084300000, 0x0000000084300000| Untracked 
|  58|0x0000000084400000, 0x0000000084400000, 0x0000000084500000|  0%| F|  |TAMS 0x0000000084400000, 0x0000000084400000| Untracked 
|  59|0x0000000084500000, 0x0000000084500000, 0x0000000084600000|  0%| F|  |TAMS 0x0000000084500000, 0x0000000084500000| Untracked 
|  60|0x0000000084600000, 0x0000000084600000, 0x0000000084700000|  0%| F|  |TAMS 0x0000000084600000, 0x0000000084600000| Untracked 
|  61|0x0000000084700000, 0x0000000084700000, 0x0000000084800000|  0%| F|  |TAMS 0x0000000084700000, 0x0000000084700000| Untracked 
|  62|0x0000000084800000, 0x0000000084800000, 0x0000000084900000|  0%| F|  |TAMS 0x0000000084800000, 0x0000000084800000| Untracked 
|  63|0x0000000084900000, 0x0000000084900000, 0x0000000084a00000|  0%| F|  |TAMS 0x0000000084900000, 0x0000000084900000| Untracked 
|  64|0x0000000084a00000, 0x0000000084a00000, 0x0000000084b00000|  0%| F|  |TAMS 0x0000000084a00000, 0x0000000084a00000| Untracked 
|  65|0x0000000084b00000, 0x0000000084b00000, 0x0000000084c00000|  0%| F|  |TAMS 0x0000000084b00000, 0x0000000084b00000| Untracked 
|  66|0x0000000084c00000, 0x0000000084c00000, 0x0000000084d00000|  0%| F|  |TAMS 0x0000000084c00000, 0x0000000084c00000| Untracked 
|  67|0x0000000084d00000, 0x0000000084d00000, 0x0000000084e00000|  0%| F|  |TAMS 0x0000000084d00000, 0x0000000084d00000| Untracked 
|  68|0x0000000084e00000, 0x0000000084e00000, 0x0000000084f00000|  0%| F|  |TAMS 0x0000000084e00000, 0x0000000084e00000| Untracked 
|  69|0x0000000084f00000, 0x0000000084f00000, 0x0000000085000000|  0%| F|  |TAMS 0x0000000084f00000, 0x0000000084f00000| Untracked 
|  70|0x0000000085000000, 0x0000000085000000, 0x0000000085100000|  0%| F|  |TAMS 0x0000000085000000, 0x0000000085000000| Untracked 
|  71|0x0000000085100000, 0x0000000085100000, 0x0000000085200000|  0%| F|  |TAMS 0x0000000085100000, 0x0000000085100000| Untracked 
|  72|0x0000000085200000, 0x00000000852c92b0, 0x0000000085300000| 78%| S|CS|TAMS 0x0000000085200000, 0x0000000085200000| Complete 
|  73|0x0000000085300000, 0x0000000085400000, 0x0000000085400000|100%| S|CS|TAMS 0x0000000085300000, 0x0000000085300000| Complete 
|  74|0x0000000085400000, 0x0000000085500000, 0x0000000085500000|100%| S|CS|TAMS 0x0000000085400000, 0x0000000085400000| Complete 
|  75|0x0000000085500000, 0x0000000085600000, 0x0000000085600000|100%| S|CS|TAMS 0x0000000085500000, 0x0000000085500000| Complete 
|  76|0x0000000085600000, 0x0000000085700000, 0x0000000085700000|100%| S|CS|TAMS 0x0000000085600000, 0x0000000085600000| Complete 
|  77|0x0000000085700000, 0x0000000085800000, 0x0000000085800000|100%| S|CS|TAMS 0x0000000085700000, 0x0000000085700000| Complete 
|  78|0x0000000085800000, 0x0000000085900000, 0x0000000085900000|100%| S|CS|TAMS 0x0000000085800000, 0x0000000085800000| Complete 
|  79|0x0000000085900000, 0x0000000085a00000, 0x0000000085a00000|100%| S|CS|TAMS 0x0000000085900000, 0x0000000085900000| Complete 
|  80|0x0000000085a00000, 0x0000000085a00000, 0x0000000085b00000|  0%| F|  |TAMS 0x0000000085a00000, 0x0000000085a00000| Untracked 
|  81|0x0000000085b00000, 0x0000000085b00000, 0x0000000085c00000|  0%| F|  |TAMS 0x0000000085b00000, 0x0000000085b00000| Untracked 
|  82|0x0000000085c00000, 0x0000000085c00000, 0x0000000085d00000|  0%| F|  |TAMS 0x0000000085c00000, 0x0000000085c00000| Untracked 
|  83|0x0000000085d00000, 0x0000000085d00000, 0x0000000085e00000|  0%| F|  |TAMS 0x0000000085d00000, 0x0000000085d00000| Untracked 
|  84|0x0000000085e00000, 0x0000000085e00000, 0x0000000085f00000|  0%| F|  |TAMS 0x0000000085e00000, 0x0000000085e00000| Untracked 
|  85|0x0000000085f00000, 0x0000000085f00000, 0x0000000086000000|  0%| F|  |TAMS 0x0000000085f00000, 0x0000000085f00000| Untracked 
|  86|0x0000000086000000, 0x0000000086000000, 0x0000000086100000|  0%| F|  |TAMS 0x0000000086000000, 0x0000000086000000| Untracked 
|  87|0x0000000086100000, 0x0000000086100000, 0x0000000086200000|  0%| F|  |TAMS 0x0000000086100000, 0x0000000086100000| Untracked 
|  88|0x0000000086200000, 0x0000000086200000, 0x0000000086300000|  0%| F|  |TAMS 0x0000000086200000, 0x0000000086200000| Untracked 
|  89|0x0000000086300000, 0x0000000086300000, 0x0000000086400000|  0%| F|  |TAMS 0x0000000086300000, 0x0000000086300000| Untracked 
|  90|0x0000000086400000, 0x0000000086400000, 0x0000000086500000|  0%| F|  |TAMS 0x0000000086400000, 0x0000000086400000| Untracked 
|  91|0x0000000086500000, 0x0000000086500000, 0x0000000086600000|  0%| F|  |TAMS 0x0000000086500000, 0x0000000086500000| Untracked 
|  92|0x0000000086600000, 0x0000000086600000, 0x0000000086700000|  0%| F|  |TAMS 0x0000000086600000, 0x0000000086600000| Untracked 
|  93|0x0000000086700000, 0x0000000086700000, 0x0000000086800000|  0%| F|  |TAMS 0x0000000086700000, 0x0000000086700000| Untracked 
|  94|0x0000000086800000, 0x0000000086800000, 0x0000000086900000|  0%| F|  |TAMS 0x0000000086800000, 0x0000000086800000| Untracked 
|  95|0x0000000086900000, 0x0000000086900000, 0x0000000086a00000|  0%| F|  |TAMS 0x0000000086900000, 0x0000000086900000| Untracked 
|  96|0x0000000086a00000, 0x0000000086a00000, 0x0000000086b00000|  0%| F|  |TAMS 0x0000000086a00000, 0x0000000086a00000| Untracked 
|  97|0x0000000086b00000, 0x0000000086b00000, 0x0000000086c00000|  0%| F|  |TAMS 0x0000000086b00000, 0x0000000086b00000| Untracked 
|  98|0x0000000086c00000, 0x0000000086c00000, 0x0000000086d00000|  0%| F|  |TAMS 0x0000000086c00000, 0x0000000086c00000| Untracked 
|  99|0x0000000086d00000, 0x0000000086d00000, 0x0000000086e00000|  0%| F|  |TAMS 0x0000000086d00000, 0x0000000086d00000| Untracked 
| 100|0x0000000086e00000, 0x0000000086e00000, 0x0000000086f00000|  0%| F|  |TAMS 0x0000000086e00000, 0x0000000086e00000| Untracked 
| 101|0x0000000086f00000, 0x0000000086f00000, 0x0000000087000000|  0%| F|  |TAMS 0x0000000086f00000, 0x0000000086f00000| Untracked 
| 102|0x0000000087000000, 0x0000000087000000, 0x0000000087100000|  0%| F|  |TAMS 0x0000000087000000, 0x0000000087000000| Untracked 
| 103|0x0000000087100000, 0x0000000087100000, 0x0000000087200000|  0%| F|  |TAMS 0x0000000087100000, 0x0000000087100000| Untracked 
| 104|0x0000000087200000, 0x0000000087200000, 0x0000000087300000|  0%| F|  |TAMS 0x0000000087200000, 0x0000000087200000| Untracked 
| 105|0x0000000087300000, 0x0000000087300000, 0x0000000087400000|  0%| F|  |TAMS 0x0000000087300000, 0x0000000087300000| Untracked 
| 106|0x0000000087400000, 0x0000000087400000, 0x0000000087500000|  0%| F|  |TAMS 0x0000000087400000, 0x0000000087400000| Untracked 
| 107|0x0000000087500000, 0x0000000087500000, 0x0000000087600000|  0%| F|  |TAMS 0x0000000087500000, 0x0000000087500000| Untracked 
| 108|0x0000000087600000, 0x0000000087600000, 0x0000000087700000|  0%| F|  |TAMS 0x0000000087600000, 0x0000000087600000| Untracked 
| 109|0x0000000087700000, 0x0000000087700000, 0x0000000087800000|  0%| F|  |TAMS 0x0000000087700000, 0x0000000087700000| Untracked 
| 110|0x0000000087800000, 0x0000000087800000, 0x0000000087900000|  0%| F|  |TAMS 0x0000000087800000, 0x0000000087800000| Untracked 
| 111|0x0000000087900000, 0x0000000087900000, 0x0000000087a00000|  0%| F|  |TAMS 0x0000000087900000, 0x0000000087900000| Untracked 
| 112|0x0000000087a00000, 0x0000000087a00000, 0x0000000087b00000|  0%| F|  |TAMS 0x0000000087a00000, 0x0000000087a00000| Untracked 
| 113|0x0000000087b00000, 0x0000000087b00000, 0x0000000087c00000|  0%| F|  |TAMS 0x0000000087b00000, 0x0000000087b00000| Untracked 
| 114|0x0000000087c00000, 0x0000000087c00000, 0x0000000087d00000|  0%| F|  |TAMS 0x0000000087c00000, 0x0000000087c00000| Untracked 
| 115|0x0000000087d00000, 0x0000000087d00000, 0x0000000087e00000|  0%| F|  |TAMS 0x0000000087d00000, 0x0000000087d00000| Untracked 
| 116|0x0000000087e00000, 0x0000000087e00000, 0x0000000087f00000|  0%| F|  |TAMS 0x0000000087e00000, 0x0000000087e00000| Untracked 
| 117|0x0000000087f00000, 0x0000000087f00000, 0x0000000088000000|  0%| F|  |TAMS 0x0000000087f00000, 0x0000000087f00000| Untracked 
| 118|0x0000000088000000, 0x0000000088000000, 0x0000000088100000|  0%| F|  |TAMS 0x0000000088000000, 0x0000000088000000| Untracked 
| 119|0x0000000088100000, 0x0000000088100000, 0x0000000088200000|  0%| F|  |TAMS 0x0000000088100000, 0x0000000088100000| Untracked 
| 120|0x0000000088200000, 0x0000000088200000, 0x0000000088300000|  0%| F|  |TAMS 0x0000000088200000, 0x0000000088200000| Untracked 
| 121|0x0000000088300000, 0x0000000088300000, 0x0000000088400000|  0%| F|  |TAMS 0x0000000088300000, 0x0000000088300000| Untracked 
| 122|0x0000000088400000, 0x0000000088400000, 0x0000000088500000|  0%| F|  |TAMS 0x0000000088400000, 0x0000000088400000| Untracked 
| 123|0x0000000088500000, 0x0000000088500000, 0x0000000088600000|  0%| F|  |TAMS 0x0000000088500000, 0x0000000088500000| Untracked 
| 124|0x0000000088600000, 0x0000000088600000, 0x0000000088700000|  0%| F|  |TAMS 0x0000000088600000, 0x0000000088600000| Untracked 
| 125|0x0000000088700000, 0x0000000088700000, 0x0000000088800000|  0%| F|  |TAMS 0x0000000088700000, 0x0000000088700000| Untracked 
| 126|0x0000000088800000, 0x0000000088800000, 0x0000000088900000|  0%| F|  |TAMS 0x0000000088800000, 0x0000000088800000| Untracked 
| 127|0x0000000088900000, 0x00000000889b1c30, 0x0000000088a00000| 69%| E|  |TAMS 0x0000000088900000, 0x0000000088900000| Complete 

Card table byte_map: [0x000001f16d400000,0x000001f16d800000] _byte_map_base: 0x000001f16cffb000

Marking Bits (Prev, Next): (CMBitMap*) 0x000001f15696ccf0, (CMBitMap*) 0x000001f15696ccb8
 Prev Bits: [0x000001f16fbe0000, 0x000001f171bb8000)
 Next Bits: [0x000001f16dc00000, 0x000001f16fbd8000)

Polling page: 0x000001f1560f0000

Metaspace:

Usage:
  Non-class:     51.14 MB capacity,    50.51 MB ( 99%) used,   510.94 KB ( <1%) free+waste,   133.25 KB ( <1%) overhead. 
      Class:      7.74 MB capacity,     7.30 MB ( 94%) used,   377.29 KB (  5%) free+waste,    65.38 KB ( <1%) overhead. 
       Both:     58.88 MB capacity,    57.81 MB ( 98%) used,   888.23 KB (  1%) free+waste,   198.62 KB ( <1%) overhead. 

Virtual space:
  Non-class space:       52.00 MB reserved,      51.33 MB ( 99%) committed 
      Class space:        1.00 GB reserved,       7.75 MB ( <1%) committed 
             Both:        1.05 GB reserved,      59.08 MB (  5%) committed 

Chunk freelists:
   Non-Class:  128 bytes
       Class:  1.75 KB
        Both:  1.88 KB

CodeHeap 'non-profiled nmethods': size=120064Kb used=2903Kb max_used=2903Kb free=117161Kb
 bounds [0x000001f165ac0000, 0x000001f165da0000, 0x000001f16d000000]
CodeHeap 'profiled nmethods': size=120000Kb used=11339Kb max_used=11339Kb free=108660Kb
 bounds [0x000001f15e590000, 0x000001f15f0b0000, 0x000001f165ac0000]
CodeHeap 'non-nmethods': size=5696Kb used=1260Kb max_used=1288Kb free=4436Kb
 bounds [0x000001f15e000000, 0x000001f15e270000, 0x000001f15e590000]
 total_blobs=5862 nmethods=5208 adapters=565
 compilation: enabled
              stopped_count=0, restarted_count=0
 full_count=0

Compilation events (10 events):
Event: 43.271 Thread 0x000001f1740ee800 5211       1       org.antlr.v4.runtime.atn.PrecedencePredicateTransition::getSerializationType (3 bytes)
Event: 43.271 Thread 0x000001f1740ee800 nmethod 5211 0x000001f165d94110 code [0x000001f165d942a0, 0x000001f165d94358]
Event: 43.271 Thread 0x000001f1740ee800 5212       1       org.antlr.v4.runtime.atn.RuleStopState::getStateType (3 bytes)
Event: 43.271 Thread 0x000001f1740ee800 nmethod 5212 0x000001f165d94410 code [0x000001f165d945a0, 0x000001f165d94658]
Event: 43.271 Thread 0x000001f1740ee800 5213       1       org.antlr.v4.runtime.atn.LoopEndState::getStateType (3 bytes)
Event: 43.271 Thread 0x000001f1740ee800 nmethod 5213 0x000001f165d94710 code [0x000001f165d948a0, 0x000001f165d94958]
Event: 43.271 Thread 0x000001f1740ee800 5215       1       org.antlr.v4.runtime.atn.StarBlockStartState::getStateType (2 bytes)
Event: 43.272 Thread 0x000001f1740ee800 nmethod 5215 0x000001f165d94a10 code [0x000001f165d94ba0, 0x000001f165d94c58]
Event: 43.272 Thread 0x000001f1740ee800 5216       1       org.antlr.v4.runtime.atn.StarLoopEntryState::getStateType (3 bytes)
Event: 43.272 Thread 0x000001f1740ee800 nmethod 5216 0x000001f165d94d10 code [0x000001f165d94ea0, 0x000001f165d94f58]

GC Heap History (10 events):
Event: 30.211 GC heap before
{Heap before GC invocations=8 (full 0):
 garbage-first heap   total 131072K, used 82562K [0x0000000080a00000, 0x0000000100000000)
  region size 1024K, 76 young (77824K), 4 survivors (4096K)
 Metaspace       used 19959K, capacity 20371K, committed 20480K, reserved 1067008K
  class space    used 1888K, capacity 2028K, committed 2048K, reserved 1048576K
}
Event: 30.216 GC heap after
{Heap after GC invocations=9 (full 0):
 garbage-first heap   total 131072K, used 9632K [0x0000000080a00000, 0x0000000100000000)
  region size 1024K, 5 young (5120K), 5 survivors (5120K)
 Metaspace       used 19959K, capacity 20371K, committed 20480K, reserved 1067008K
  class space    used 1888K, capacity 2028K, committed 2048K, reserved 1048576K
}
Event: 31.380 GC heap before
{Heap before GC invocations=9 (full 0):
 garbage-first heap   total 131072K, used 58784K [0x0000000080a00000, 0x0000000100000000)
  region size 1024K, 54 young (55296K), 5 survivors (5120K)
 Metaspace       used 20831K, capacity 21277K, committed 21552K, reserved 1069056K
  class space    used 1998K, capacity 2162K, committed 2176K, reserved 1048576K
}
Event: 31.394 GC heap after
{Heap after GC invocations=10 (full 0):
 garbage-first heap   total 131072K, used 9466K [0x0000000080a00000, 0x0000000100000000)
  region size 1024K, 5 young (5120K), 5 survivors (5120K)
 Metaspace       used 20831K, capacity 21277K, committed 21552K, reserved 1069056K
  class space    used 1998K, capacity 2162K, committed 2176K, reserved 1048576K
}
Event: 36.888 GC heap before
{Heap before GC invocations=11 (full 0):
 garbage-first heap   total 131072K, used 82170K [0x0000000080a00000, 0x0000000100000000)
  region size 1024K, 76 young (77824K), 5 survivors (5120K)
 Metaspace       used 31542K, capacity 32197K, committed 32432K, reserved 1077248K
  class space    used 3458K, capacity 3723K, committed 3840K, reserved 1048576K
}
Event: 36.901 GC heap after
{Heap after GC invocations=12 (full 0):
 garbage-first heap   total 131072K, used 13441K [0x0000000080a00000, 0x0000000100000000)
  region size 1024K, 9 young (9216K), 9 survivors (9216K)
 Metaspace       used 31542K, capacity 32197K, committed 32432K, reserved 1077248K
  class space    used 3458K, capacity 3723K, committed 3840K, reserved 1048576K
}
Event: 37.558 GC heap before
{Heap before GC invocations=12 (full 0):
 garbage-first heap   total 131072K, used 27777K [0x0000000080a00000, 0x0000000100000000)
  region size 1024K, 24 young (24576K), 9 survivors (9216K)
 Metaspace       used 35034K, capacity 35792K, committed 35920K, reserved 1081344K
  class space    used 3986K, capacity 4296K, committed 4352K, reserved 1048576K
}
Event: 37.567 GC heap after
{Heap after GC invocations=13 (full 0):
 garbage-first heap   total 131072K, used 13820K [0x0000000080a00000, 0x0000000100000000)
  region size 1024K, 6 young (6144K), 6 survivors (6144K)
 Metaspace       used 35034K, capacity 35792K, committed 35920K, reserved 1081344K
  class space    used 3986K, capacity 4296K, committed 4352K, reserved 1048576K
}
Event: 40.023 GC heap before
{Heap before GC invocations=14 (full 0):
 garbage-first heap   total 131072K, used 85500K [0x0000000080a00000, 0x0000000100000000)
  region size 1024K, 76 young (77824K), 6 survivors (6144K)
 Metaspace       used 50450K, capacity 51389K, committed 51536K, reserved 1093632K
  class space    used 6163K, capacity 6534K, committed 6656K, reserved 1048576K
}
Event: 40.032 GC heap after
{Heap after GC invocations=15 (full 0):
 garbage-first heap   total 131072K, used 18732K [0x0000000080a00000, 0x0000000100000000)
  region size 1024K, 10 young (10240K), 10 survivors (10240K)
 Metaspace       used 50450K, capacity 51389K, committed 51536K, reserved 1093632K
  class space    used 6163K, capacity 6534K, committed 6656K, reserved 1048576K
}

Deoptimization events (10 events):
Event: 39.397 Thread 0x000001f174a8e800 Uncommon trap: reason=class_check action=maybe_recompile pc=0x000001f165ca7b10 method=java.util.Collections$UnmodifiableCollection.isEmpty()Z @ 4 c2
Event: 39.727 Thread 0x000001f174a8e800 Uncommon trap: reason=class_check action=maybe_recompile pc=0x000001f165ca7b10 method=java.util.Collections$UnmodifiableCollection.isEmpty()Z @ 4 c2
Event: 39.793 Thread 0x000001f174a8e800 Uncommon trap: reason=class_check action=maybe_recompile pc=0x000001f165ca7b10 method=java.util.Collections$UnmodifiableCollection.isEmpty()Z @ 4 c2
Event: 40.502 Thread 0x000001f174a8e800 Uncommon trap: reason=unstable_if action=reinterpret pc=0x000001f165c4d948 method=java.util.HashMap$HashIterator.<init>(Ljava/util/HashMap;)V @ 45 c2
Event: 40.544 Thread 0x000001f174a8e800 Uncommon trap: reason=unstable_if action=reinterpret pc=0x000001f165bde2dc method=java.util.HashMap$HashIterator.<init>(Ljava/util/HashMap;)V @ 45 c2
Event: 41.566 Thread 0x000001f174a8e800 Uncommon trap: reason=class_check action=maybe_recompile pc=0x000001f165d5dc70 method=java.util.AbstractList.rangeCheckForAdd(I)V @ 6 c2
Event: 41.566 Thread 0x000001f174a8e800 Uncommon trap: reason=class_check action=maybe_recompile pc=0x000001f165d5dc70 method=java.util.AbstractList.rangeCheckForAdd(I)V @ 6 c2
Event: 41.605 Thread 0x000001f174a8e800 Uncommon trap: reason=intrinsic_or_type_checked_inlining action=make_not_entrant pc=0x000001f165d6f548 method=java.util.ArrayList.toArray([Ljava/lang/Object;)[Ljava/lang/Object; @ 36 c2
Event: 41.983 Thread 0x000001f174a8e800 Uncommon trap: reason=unstable_if action=reinterpret pc=0x000001f165d82ed4 method=org.antlr.v4.runtime.atn.ATNState.addTransition(ILorg/antlr/v4/runtime/atn/Transition;)V @ 115 c2
Event: 42.084 Thread 0x000001f174a8e800 Uncommon trap: reason=unstable_if action=reinterpret pc=0x000001f165d928d8 method=org.antlr.v4.runtime.atn.ParserATNSimulator.getEpsilonTarget(Lorg/antlr/v4/runtime/atn/ATNConfig;Lorg/antlr/v4/runtime/atn/Transition;ZZZZ)Lorg/antlr/v4/runtime/atn/ATNConfi

Classes redefined (0 events):
No events

Internal exceptions (10 events):
Event: 39.793 Thread 0x000001f174a8e800 Exception <a 'java/lang/NoSuchMethodError'{0x00000000845acf70}: 'java.lang.Object java.lang.invoke.DirectMethodHandle$Holder.invokeSpecialIFC(java.lang.Object, java.lang.Object, java.lang.Object, java.lang.Object)'> (0x00000000845acf70) thrown at [./open/
Event: 40.012 Thread 0x000001f174a8e800 Exception <a 'java/lang/NoSuchMethodError'{0x0000000083e924a8}: 'java.lang.Object java.lang.invoke.DirectMethodHandle$Holder.invokeStatic(java.lang.Object, java.lang.Object, int, java.lang.Object)'> (0x0000000083e924a8) thrown at [./open/src/hotspot/share
Event: 40.012 Thread 0x000001f174a8e800 Exception <a 'java/lang/NoSuchMethodError'{0x0000000083e95a68}: 'java.lang.Object java.lang.invoke.DirectMethodHandle$Holder.invokeStaticInit(java.lang.Object, java.lang.Object, int, java.lang.Object)'> (0x0000000083e95a68) thrown at [./open/src/hotspot/s
Event: 40.065 Thread 0x000001f174a8e800 Exception <a 'java/lang/IncompatibleClassChangeError'{0x00000000889f6180}: Found class java.lang.Object, but interface was expected> (0x00000000889f6180) thrown at [./open/src/hotspot/share/interpreter/linkResolver.cpp, line 839]
Event: 40.104 Thread 0x000001f174a8e800 Exception <a 'java/lang/NoSuchMethodError'{0x00000000887313e8}: 'void java.lang.invoke.DirectMethodHandle$Holder.invokeVirtual(java.lang.Object, java.lang.Object)'> (0x00000000887313e8) thrown at [./open/src/hotspot/share/interpreter/linkResolver.cpp, lin
Event: 41.467 Thread 0x000001f174a8e800 Exception <a 'java/lang/NoSuchMethodError'{0x0000000086c9d2b8}: 'java.lang.Object java.lang.invoke.DirectMethodHandle$Holder.invokeStatic(java.lang.Object, java.lang.Object, int, java.lang.Object, int, java.lang.Object, java.lang.Object, java.lang.Object)
Event: 41.468 Thread 0x000001f174a8e800 Exception <a 'java/lang/NoSuchMethodError'{0x0000000086ca7fa8}: 'int java.lang.invoke.DirectMethodHandle$Holder.invokeSpecial(java.lang.Object, java.lang.Object, java.lang.Object, java.lang.Object, java.lang.Object, java.lang.Object)'> (0x0000000086ca7fa8
Event: 41.493 Thread 0x000001f174a8e800 Exception <a 'java/lang/NoSuchMethodError'{0x0000000086b2ce20}: 'java.lang.Object java.lang.invoke.DirectMethodHandle$Holder.invokeStatic(java.lang.Object, java.lang.Object, java.lang.Object, java.lang.Object, java.lang.Object, java.lang.Object, java.lang
Event: 41.493 Thread 0x000001f174a8e800 Exception <a 'java/lang/NoSuchMethodError'{0x0000000086b31700}: 'java.lang.Object java.lang.invoke.DirectMethodHandle$Holder.invokeSpecial(java.lang.Object, java.lang.Object, java.lang.Object, java.lang.Object, java.lang.Object, java.lang.Object, java.lan
Event: 43.267 Thread 0x000001f175d7a800 Exception <a 'java/lang/NoSuchMethodError'{0x00000000881a7d88}: 'long java.lang.invoke.DirectMethodHandle$Holder.invokeVirtual(java.lang.Object, java.lang.Object)'> (0x00000000881a7d88) thrown at [./open/src/hotspot/share/interpreter/linkResolver.cpp, lin

Events (10 events):
Event: 42.311 Executing VM operation: RevokeBias
Event: 42.311 Executing VM operation: RevokeBias done
Event: 42.312 Executing VM operation: RevokeBias
Event: 42.312 Executing VM operation: RevokeBias done
Event: 43.267 loading class org/apache/catalina/webresources/CachedResource
Event: 43.267 loading class org/apache/catalina/webresources/CachedResource done
Event: 43.267 loading class java/util/function/ToLongFunction
Event: 43.267 loading class java/util/function/ToLongFunction done
Event: 43.269 loading class java/util/Collections$ReverseComparator
Event: 43.269 Thread 0x000001f17968d800 Thread added: 0x000001f17968d800


Dynamic libraries:
0x00007ff6048d0000 - 0x00007ff6048e0000 	C:\Program Files\Java\jdk-11\bin\java.exe
0x00007fffc2b40000 - 0x00007fffc2da7000 	C:\Windows\SYSTEM32\ntdll.dll
0x00007fff94b40000 - 0x00007fff94b60000 	C:\Program Files\Avast Software\Avast\aswhook.dll
0x00007fffc2430000 - 0x00007fffc24f9000 	C:\Windows\System32\KERNEL32.DLL
0x00007fffc0450000 - 0x00007fffc083f000 	C:\Windows\System32\KERNELBASE.dll
0x00007fffbfcc0000 - 0x00007fffbfe0b000 	C:\Windows\System32\ucrtbase.dll
0x00007fffaefc0000 - 0x00007fffaefd9000 	C:\Program Files\Java\jdk-11\bin\jli.dll
0x00007fffaebe0000 - 0x00007fffaebfb000 	C:\Program Files\Java\jdk-11\bin\VCRUNTIME140.dll
0x00007fffc0de0000 - 0x00007fffc0e94000 	C:\Windows\System32\ADVAPI32.dll
0x00007fffc1e90000 - 0x00007fffc1f39000 	C:\Windows\System32\msvcrt.dll
0x00007fffc2840000 - 0x00007fffc28e6000 	C:\Windows\System32\sechost.dll
0x00007fffc22d0000 - 0x00007fffc23e8000 	C:\Windows\System32\RPCRT4.dll
0x00007fffc0c10000 - 0x00007fffc0dd5000 	C:\Windows\System32\USER32.dll
0x00007fffbfc90000 - 0x00007fffbfcb7000 	C:\Windows\System32\win32u.dll
0x00007fffa5970000 - 0x00007fffa5c03000 	C:\Windows\WinSxS\amd64_microsoft.windows.common-controls_6595b64144ccf1df_6.0.26100.7309_none_3e05feeae336a044\COMCTL32.dll
0x00007fffc2810000 - 0x00007fffc283b000 	C:\Windows\System32\GDI32.dll
0x00007fffbff80000 - 0x00007fffc00ac000 	C:\Windows\System32\gdi32full.dll
0x00007fffbfe10000 - 0x00007fffbfeb3000 	C:\Windows\System32\msvcp_win.dll
0x00007fffb94d0000 - 0x00007fffb94db000 	C:\Windows\SYSTEM32\VERSION.dll
0x00007fffc23f0000 - 0x00007fffc2421000 	C:\Windows\System32\IMM32.DLL
0x00007fffaf040000 - 0x00007fffaf04c000 	C:\Program Files\Java\jdk-11\bin\vcruntime140_1.dll
0x00007fffa2e70000 - 0x00007fffa2efe000 	C:\Program Files\Java\jdk-11\bin\msvcp140.dll
0x00007fff2b060000 - 0x00007fff2bbc3000 	C:\Program Files\Java\jdk-11\bin\server\jvm.dll
0x00007fffc1b70000 - 0x00007fffc1b78000 	C:\Windows\System32\PSAPI.DLL
0x00007fffb0880000 - 0x00007fffb088a000 	C:\Windows\SYSTEM32\WSOCK32.dll
0x00007fffc1ba0000 - 0x00007fffc1c14000 	C:\Windows\System32\WS2_32.dll
0x00007fffb3de0000 - 0x00007fffb3e15000 	C:\Windows\SYSTEM32\WINMM.dll
0x00007fffbea40000 - 0x00007fffbea5b000 	C:\Windows\SYSTEM32\kernel.appcore.dll
0x00007fffaecb0000 - 0x00007fffaecc0000 	C:\Program Files\Java\jdk-11\bin\verify.dll
0x00007fffb3940000 - 0x00007fffb3b82000 	C:\Windows\SYSTEM32\DBGHELP.DLL
0x00007fffc1f40000 - 0x00007fffc22c5000 	C:\Windows\System32\combase.dll
0x00007fffc1c20000 - 0x00007fffc1cf6000 	C:\Windows\System32\OLEAUT32.dll
0x00007fffb3c00000 - 0x00007fffb3c3c000 	C:\Windows\SYSTEM32\dbgcore.DLL
0x00007fffc03a0000 - 0x00007fffc0445000 	C:\Windows\System32\bcryptPrimitives.dll
0x00007fffae3e0000 - 0x00007fffae408000 	C:\Program Files\Java\jdk-11\bin\java.dll
0x00007fffaec60000 - 0x00007fffaec6a000 	C:\Program Files\Java\jdk-11\bin\jimage.dll
0x00007fffaeb60000 - 0x00007fffaeb6e000 	C:\Program Files\Java\jdk-11\bin\instrument.dll
0x00007fffae880000 - 0x00007fffae897000 	C:\Program Files\Java\jdk-11\bin\zip.dll
0x00007fffc0f80000 - 0x00007fffc16d3000 	C:\Windows\System32\SHELL32.dll
0x00007fffc00b0000 - 0x00007fffc021a000 	C:\Windows\System32\wintypes.dll
0x00007fffbd8d0000 - 0x00007fffbe12e000 	C:\Windows\SYSTEM32\windows.storage.dll
0x00007fffc26f0000 - 0x00007fffc27e5000 	C:\Windows\System32\SHCORE.dll
0x00007fffc2a90000 - 0x00007fffc2af6000 	C:\Windows\System32\shlwapi.dll
0x00007fffbfbb0000 - 0x00007fffbfbd9000 	C:\Windows\SYSTEM32\profapi.dll
0x00007fffaddc0000 - 0x00007fffaddd9000 	C:\Program Files\Java\jdk-11\bin\net.dll
0x00007fffb96a0000 - 0x00007fffb97c8000 	C:\Windows\SYSTEM32\WINHTTP.dll
0x00007fffbefb0000 - 0x00007fffbf01b000 	C:\Windows\system32\mswsock.dll
0x00007fffadda0000 - 0x00007fffaddb2000 	C:\Program Files\Java\jdk-11\bin\nio.dll
0x00007fffaea90000 - 0x00007fffaea99000 	C:\Program Files\Java\jdk-11\bin\management.dll
0x00007fffae3d0000 - 0x00007fffae3db000 	C:\Program Files\Java\jdk-11\bin\management_ext.dll
0x00007fffadd90000 - 0x00007fffadd9e000 	C:\Program Files\Java\jdk-11\bin\sunmscapi.dll
0x00007fffc0220000 - 0x00007fffc0397000 	C:\Windows\System32\CRYPT32.dll
0x00007fffbf490000 - 0x00007fffbf4c0000 	C:\Windows\SYSTEM32\ncrypt.dll
0x00007fffbf440000 - 0x00007fffbf47f000 	C:\Windows\SYSTEM32\NTASN1.dll
0x00007fffadd60000 - 0x00007fffadd87000 	C:\Program Files\Java\jdk-11\bin\sunec.dll
0x00007fffbf280000 - 0x00007fffbf29b000 	C:\Windows\SYSTEM32\CRYPTSP.dll
0x00007fffbe9a0000 - 0x00007fffbe9da000 	C:\Windows\system32\rsaenh.dll
0x00007fffbf060000 - 0x00007fffbf08b000 	C:\Windows\SYSTEM32\USERENV.dll
0x00007fffbfb80000 - 0x00007fffbfbaa000 	C:\Windows\SYSTEM32\bcrypt.dll
0x00007fffbf270000 - 0x00007fffbf27c000 	C:\Windows\SYSTEM32\CRYPTBASE.dll
0x00007fffbe450000 - 0x00007fffbe484000 	C:\Windows\SYSTEM32\IPHLPAPI.DLL
0x00007fffc1b80000 - 0x00007fffc1b8a000 	C:\Windows\System32\NSI.dll
0x00007fffb9620000 - 0x00007fffb963e000 	C:\Windows\SYSTEM32\dhcpcsvc6.DLL
0x00007fffb95f0000 - 0x00007fffb9613000 	C:\Windows\SYSTEM32\dhcpcsvc.DLL
0x00007fffbe4e0000 - 0x00007fffbe60c000 	C:\Windows\SYSTEM32\DNSAPI.dll
0x00007fffb90f0000 - 0x00007fffb90fb000 	C:\Windows\System32\rasadhlp.dll
0x00007fffb8f30000 - 0x00007fffb8fb6000 	C:\Windows\System32\fwpuclnt.dll

dbghelp: loaded successfully - version: 4.0.5 - missing functions: none
symbol engine: initialized successfully - sym options: 0x614 - pdb path: .;C:\Program Files\Java\jdk-11\bin;C:\Windows\SYSTEM32;C:\Program Files\Avast Software\Avast;C:\Windows\WinSxS\amd64_microsoft.windows.common-controls_6595b64144ccf1df_6.0.26100.7309_none_3e05feeae336a044;C:\Program Files\Java\jdk-11\bin\server

VM Arguments:
jvm_args: -javaagent:C:\Program Files\JetBrains\IntelliJ IDEA 2025.2.5\lib\idea_rt.jar=59513 -Dfile.encoding=UTF-8 
java_command: lk.karu.openbay.Main
java_class_path (initial): C:\Users\Chathura Hareshan\IdeaProjects\Project\OpenBay\target\classes;C:\Users\Chathura Hareshan\.m2\repository\org\mindrot\jbcrypt\0.4\jbcrypt-0.4.jar;C:\Users\Chathura Hareshan\.m2\repository\org\apache\tomcat\embed\tomcat-embed-core\10.1.7\tomcat-embed-core-10.1.7.jar;C:\Users\Chathura Hareshan\.m2\repository\org\apache\tomcat\tomcat-annotations-api\10.1.7\tomcat-annotations-api-10.1.7.jar;C:\Users\Chathura Hareshan\.m2\repository\org\apache\tomcat\embed\tomcat-embed-jasper\10.1.7\tomcat-embed-jasper-10.1.7.jar;C:\Users\Chathura Hareshan\.m2\repository\org\apache\tomcat\embed\tomcat-embed-el\10.1.7\tomcat-embed-el-10.1.7.jar;C:\Users\Chathura Hareshan\.m2\repository\org\eclipse\jdt\ecj\3.32.0\ecj-3.32.0.jar;C:\Users\Chathura Hareshan\.m2\repository\org\hibernate\orm\hibernate-core\6.1.7.Final\hibernate-core-6.1.7.Final.jar;C:\Users\Chathura Hareshan\.m2\repository\jakarta\persistence\jakarta.persistence-api\3.0.0\jakarta.persistence-api-3.0.0.jar;C:\Users\Chathura Hareshan\.m2\repository\jakarta\transaction\jakarta.transaction-api\2.0.0\jakarta.transaction-api-2.0.0.jar;C:\Users\Chathura Hareshan\.m2\repository\org\jboss\logging\jboss-logging\3.4.3.Final\jboss-logging-3.4.3.Final.jar;C:\Users\Chathura Hareshan\.m2\repository\org\hibernate\common\hibernate-commons-annotations\6.0.6.Final\hibernate-commons-annotations-6.0.6.Final.jar;C:\Users\Chathura Hareshan\.m2\repository\org\jboss\jandex\2.4.2.Final\jandex-2.4.2.Final.jar;C:\Users\Chathura Hareshan\.m2\repository\com\fasterxml\classmate\1.5.1\classmate-1.5.1.jar;C:\Users\Chathura Hareshan\.m2\repository\net\bytebuddy\byte-buddy\1.12.18\byte-buddy-1.12.18.jar;C:\Users\Chathura Hareshan\.m2\repository\jakarta\xml\bind\jakarta.xml.bind-api\3.0.1\jakarta.xml.bind-api-3.0.1.jar;C:\Users\Chathura Hareshan\.m2\repository\org\glassfish\jaxb\jaxb-runtime\3.0.2\jaxb-runtime-3.0.2.jar;C:\Users\Chathura Hareshan\.m2\repository\org\glassfish\jaxb\jaxb-core\3.0.2\jaxb-core-3.0.2.jar;C:\Users\Cha
Launcher Type: SUN_STANDARD

[Global flags]
     intx CICompilerCount                          = 3                                         {product} {ergonomic}
     uint ConcGCThreads                            = 1                                         {product} {ergonomic}
     uint G1ConcRefinementThreads                  = 4                                         {product} {ergonomic}
   size_t G1HeapRegionSize                         = 1048576                                   {product} {ergonomic}
    uintx GCDrainStackTargetSize                   = 64                                        {product} {ergonomic}
   size_t InitialHeapSize                          = 134217728                                 {product} {ergonomic}
   size_t MarkStackSize                            = 4194304                                   {product} {ergonomic}
   size_t MaxHeapSize                              = 2136997888                                {product} {ergonomic}
   size_t MaxNewSize                               = 1281359872                                {product} {ergonomic}
   size_t MinHeapDeltaBytes                        = 1048576                                   {product} {ergonomic}
    uintx NonNMethodCodeHeapSize                   = 5830732                                {pd product} {ergonomic}
    uintx NonProfiledCodeHeapSize                  = 122913754                              {pd product} {ergonomic}
    uintx ProfiledCodeHeapSize                     = 122913754                              {pd product} {ergonomic}
    uintx ReservedCodeCacheSize                    = 251658240                              {pd product} {ergonomic}
     bool SegmentedCodeCache                       = true                                      {product} {ergonomic}
     bool UseCompressedClassPointers               = true                                 {lp64_product} {ergonomic}
     bool UseCompressedOops                        = true                                 {lp64_product} {ergonomic}
     bool UseG1GC                                  = true                                      {product} {ergonomic}
     bool UseLargePagesIndividualAllocation        = false                                  {pd product} {ergonomic}

Logging:
Log output configuration:
 #0: stdout all=warning uptime,level,tags
 #1: stderr all=off uptime,level,tags

Environment Variables:
JAVA_HOME=C:\Program Files\Java\jdk-25
PATH=C:\Program Files\Java\jdk-25\bin;C:\WINDOWS\system32;C:\WINDOWS;C:\WINDOWS\System32\Wbem;C:\WINDOWS\System32\WindowsPowerShell\v1.0\;C:\WINDOWS\System32\OpenSSH\;C:\Program Files (x86)\NVIDIA Corporation\PhysX\Common;C:\Program Files\MySQL\MySQL Shell 8.0\bin\;C:\Users\Chathura Hareshan\AppData\Local\Microsoft\WindowsApps;C:\Users\Chathura Hareshan\AppData\Local\Programs\Microsoft VS Code\bin;C:\Program Files\JetBrains\IntelliJ IDEA 2025.2.5\bin;C:\Program Files\Git\cmd;C:\Program Files\nodejs\;C:\Program Files\MySQL\MySQL Shell 8.0\bin\;C:\Users\Chathura Hareshan\AppData\Local\Microsoft\WindowsApps;C:\Users\Chathura Hareshan\AppData\Local\Programs\Microsoft VS Code\bin;C:\Program Files\JetBrains\IntelliJ IDEA 2025.2.5\bin;C:\Users\Chathura Hareshan\AppData\Roaming\npm
USERNAME=Chathura Hareshan
OS=Windows_NT
PROCESSOR_IDENTIFIER=Intel64 Family 6 Model 94 Stepping 3, GenuineIntel



---------------  S Y S T E M  ---------------

OS: Windows 11 , 64 bit Build 26100 (10.0.26100.7309)

CPU:total 4 (initial active 4) (4 cores per cpu, 1 threads per core) family 6 model 94 stepping 3 microcode 0xd6, cmov, cx8, fxsr, mmx, sse, sse2, sse3, ssse3, sse4.1, sse4.2, popcnt, avx, avx2, aes, clmul, erms, rtm, 3dnowpref, lzcnt, tsc, tscinvbit, bmi1, bmi2, adx, fma

Memory: 4k page, system-wide physical 8149M (762M free)
TotalPageFile size 32725M (AvailPageFile size 162M)
current process WorkingSet (physical memory assigned to process): 258M, peak: 258M
current process commit charge ("private bytes"): 316M, peak: 316M

vm_info: Java HotSpot(TM) 64-Bit Server VM (11.0.28+12-LTS-279) for windows-amd64 JRE (11.0.28+12-LTS-279), built on Jun 27 2025 10:10:38 by "mach5one" with MS VC++ 17.6 (VS2022)

END.
