#
# There is insufficient memory for the Java Runtime Environment to continue.
# Native memory allocation (malloc) failed to allocate 32744 bytes for ChunkPool::allocate
# Possible reasons:
#   The system is out of physical RAM or swap space
#   The process is running with CompressedOops enabled, and the Java Heap may be blocking the growth of the native heap
# Possible solutions:
#   Reduce memory load on the system
#   Increase physical memory or swap space
#   Check if swap backing store is full
#   Decrease Java heap size (-Xmx/-Xms)
#   Decrease number of Java threads
#   Decrease Java thread stack sizes (-Xss)
#   Set larger code cache with -XX:ReservedCodeCacheSize=
#   JVM is running with Unscaled Compressed Oops mode in which the Java heap is
#     placed in the first 4GB address space. The Java Heap base address is the
#     maximum limit for the native heap growth. Please use -XX:HeapBaseMinAddress
#     to set the Java Heap base and to place the Java Heap above 4GB virtual address.
# This output file may be truncated or incomplete.
#
#  Out of Memory Error (./open/src/hotspot/share/memory/arena.cpp:81), pid=20332, tid=19640
#
# JRE version: Java(TM) SE Runtime Environment 18.9 (11.0.28+12) (build 11.0.28+12-LTS-279)
# Java VM: Java HotSpot(TM) 64-Bit Server VM 18.9 (11.0.28+12-LTS-279, mixed mode, tiered, compressed oops, g1 gc, windows-amd64)
# No core dump will be written. Minidumps are not enabled by default on client versions of Windows
#

---------------  S U M M A R Y ------------

Command Line: -javaagent:C:\Program Files\JetBrains\IntelliJ IDEA 2025.2.5\lib\idea_rt.jar=63603 -Dfile.encoding=UTF-8 lk.karu.openbay.Main

Host: Intel(R) Core(TM) i5-6500 CPU @ 3.20GHz, 4 cores, 7G,  Windows 11 , 64 bit Build 26100 (10.0.26100.7309)
Time: Tue Jan 13 22:12:34 2026 Sri Lanka Standard Time elapsed time: 2986.465634 seconds (0d 0h 49m 46s)

---------------  T H R E A D  ---------------

Current thread (0x0000023041922800):  JavaThread "C2 CompilerThread0" daemon [_thread_in_native, id=19640, stack(0x000000ab69f00000,0x000000ab6a000000)]


Current CompileTask:
C2:2986466 8609       4       com.mysql.cj.QueryInfo::<init> (1667 bytes)

Stack: [0x000000ab69f00000,0x000000ab6a000000]
Native frames: (J=compiled Java code, j=interpreted, Vv=VM code, C=native code)
V  [jvm.dll+0x65886a]
V  [jvm.dll+0x79b4cf]
V  [jvm.dll+0x79cb99]
V  [jvm.dll+0x79d243]
V  [jvm.dll+0x255965]
V  [jvm.dll+0xb339b]
V  [jvm.dll+0xb373c]
V  [jvm.dll+0xb3244]
V  [jvm.dll+0x638608]
V  [jvm.dll+0x6370c8]
V  [jvm.dll+0x5f389b]
V  [jvm.dll+0x35c61e]
V  [jvm.dll+0x35d130]
V  [jvm.dll+0x2e3fa4]
V  [jvm.dll+0x620a51]
V  [jvm.dll+0x10b63c]
V  [jvm.dll+0x33d831]
V  [jvm.dll+0x679459]
V  [jvm.dll+0x678749]
V  [jvm.dll+0x67366f]
V  [jvm.dll+0x66d145]
V  [jvm.dll+0x66c792]
V  [jvm.dll+0x66a579]
V  [jvm.dll+0x18de4c]
V  [jvm.dll+0x2c5d68]
V  [jvm.dll+0x6757ca]
V  [jvm.dll+0x66d145]
V  [jvm.dll+0x66c792]
V  [jvm.dll+0x66a579]
V  [jvm.dll+0x18de4c]
V  [jvm.dll+0x2c5d68]
V  [jvm.dll+0x6757ca]
V  [jvm.dll+0x66d145]
V  [jvm.dll+0x66c792]
V  [jvm.dll+0x66a579]
V  [jvm.dll+0x18de4c]
V  [jvm.dll+0x2c5d68]
V  [jvm.dll+0x6757ca]
V  [jvm.dll+0x66d145]
V  [jvm.dll+0x66c792]
V  [jvm.dll+0x66a579]
V  [jvm.dll+0x18de4c]
V  [jvm.dll+0x2c5d68]
V  [jvm.dll+0x6757ca]
V  [jvm.dll+0x66d145]
V  [jvm.dll+0x66c792]
V  [jvm.dll+0x66a579]
V  [jvm.dll+0x18de4c]
V  [jvm.dll+0x20df0f]
V  [jvm.dll+0x18b581]
V  [jvm.dll+0x21e944]
V  [jvm.dll+0x21cc6c]
V  [jvm.dll+0x75f381]
V  [jvm.dll+0x757ca4]
V  [jvm.dll+0x657715]
C  [ucrtbase.dll+0x37b0]
C  [KERNEL32.DLL+0x2e8d7]
C  [ntdll.dll+0x8c53c]


---------------  P R O C E S S  ---------------

Threads class SMR info:
_java_thread_list=0x00000230458523f0, length=28, elements={
0x000002302380c000, 0x0000023040fab000, 0x0000023040fb5800, 0x0000023040fc5000,
0x0000023040fca000, 0x0000023040fcb800, 0x0000023041922800, 0x000002304198d800,
0x0000023041993800, 0x0000023040f39800, 0x0000023041e90000, 0x0000023042a05800,
0x0000023042409000, 0x0000023042adb000, 0x0000023042b80800, 0x0000023042403000,
0x0000023042405000, 0x0000023042406000, 0x00000230419c3800, 0x00000230419c5800,
0x0000023042f57000, 0x0000023042f56800, 0x0000023042f58000, 0x0000023042f55800,
0x0000023042f59800, 0x0000023042f5a800, 0x0000023042f5b800, 0x0000023042f59000
}

Java Threads: ( => current thread )
  0x000002302380c000 JavaThread "main" [_thread_blocked, id=15696, stack(0x000000ab69300000,0x000000ab69400000)]
  0x0000023040fab000 JavaThread "Reference Handler" daemon [_thread_blocked, id=17596, stack(0x000000ab69a00000,0x000000ab69b00000)]
  0x0000023040fb5800 JavaThread "Finalizer" daemon [_thread_blocked, id=2352, stack(0x000000ab69b00000,0x000000ab69c00000)]
  0x0000023040fc5000 JavaThread "Signal Dispatcher" daemon [_thread_blocked, id=4932, stack(0x000000ab69c00000,0x000000ab69d00000)]
  0x0000023040fca000 JavaThread "Attach Listener" daemon [_thread_blocked, id=6008, stack(0x000000ab69d00000,0x000000ab69e00000)]
  0x0000023040fcb800 JavaThread "Service Thread" daemon [_thread_blocked, id=19616, stack(0x000000ab69e00000,0x000000ab69f00000)]
=>0x0000023041922800 JavaThread "C2 CompilerThread0" daemon [_thread_in_native, id=19640, stack(0x000000ab69f00000,0x000000ab6a000000)]
  0x000002304198d800 JavaThread "C1 CompilerThread0" daemon [_thread_blocked, id=19256, stack(0x000000ab6a000000,0x000000ab6a100000)]
  0x0000023041993800 JavaThread "Sweeper thread" daemon [_thread_blocked, id=8416, stack(0x000000ab6a100000,0x000000ab6a200000)]
  0x0000023040f39800 JavaThread "Common-Cleaner" daemon [_thread_blocked, id=6792, stack(0x000000ab6a200000,0x000000ab6a300000)]
  0x0000023041e90000 JavaThread "Monitor Ctrl-Break" daemon [_thread_in_native, id=18232, stack(0x000000ab6a300000,0x000000ab6a400000)]
  0x0000023042a05800 JavaThread "pool-1-thread-1" [_thread_blocked, id=5080, stack(0x000000ab6a700000,0x000000ab6a800000)]
  0x0000023042409000 JavaThread "Catalina-utility-1" [_thread_blocked, id=12668, stack(0x000000ab6a800000,0x000000ab6a900000)]
  0x0000023042adb000 JavaThread "http-nio-8080-exec-1" daemon [_thread_blocked, id=19384, stack(0x000000ab6a900000,0x000000ab6aa00000)]
  0x0000023042b80800 JavaThread "http-nio-8080-exec-2" daemon [_thread_blocked, id=6124, stack(0x000000ab6aa00000,0x000000ab6ab00000)]
  0x0000023042403000 JavaThread "http-nio-8080-exec-3" daemon [_thread_blocked, id=14864, stack(0x000000ab6ab00000,0x000000ab6ac00000)]
  0x0000023042405000 JavaThread "http-nio-8080-exec-4" daemon [_thread_blocked, id=19920, stack(0x000000ab6ac00000,0x000000ab6ad00000)]
  0x0000023042406000 JavaThread "http-nio-8080-exec-5" daemon [_thread_blocked, id=19684, stack(0x000000ab6ad00000,0x000000ab6ae00000)]
  0x00000230419c3800 JavaThread "http-nio-8080-exec-6" daemon [_thread_blocked, id=15216, stack(0x000000ab6ae00000,0x000000ab6af00000)]
  0x00000230419c5800 JavaThread "http-nio-8080-exec-7" daemon [_thread_blocked, id=18864, stack(0x000000ab6af00000,0x000000ab6b000000)]
  0x0000023042f57000 JavaThread "http-nio-8080-exec-8" daemon [_thread_blocked, id=20288, stack(0x000000ab6b000000,0x000000ab6b100000)]
  0x0000023042f56800 JavaThread "http-nio-8080-exec-9" daemon [_thread_blocked, id=20416, stack(0x000000ab6b100000,0x000000ab6b200000)]
  0x0000023042f58000 JavaThread "http-nio-8080-exec-10" daemon [_thread_blocked, id=20408, stack(0x000000ab6b200000,0x000000ab6b300000)]
  0x0000023042f55800 JavaThread "Catalina-utility-2" [_thread_blocked, id=20204, stack(0x000000ab6b300000,0x000000ab6b400000)]
  0x0000023042f59800 JavaThread "http-nio-8080-Poller" daemon [_thread_in_native, id=13680, stack(0x000000ab6b400000,0x000000ab6b500000)]
  0x0000023042f5a800 JavaThread "http-nio-8080-Acceptor" daemon [_thread_in_native, id=20464, stack(0x000000ab6b500000,0x000000ab6b600000)]
  0x0000023042f5b800 JavaThread "mysql-cj-abandoned-connection-cleanup" daemon [_thread_blocked, id=11816, stack(0x000000ab69000000,0x000000ab69100000)]
  0x0000023042f59000 JavaThread "Hibernate Connection Pool Validation Thread" daemon [_thread_blocked, id=18336, stack(0x000000ab6b700000,0x000000ab6b800000)]

Other Threads:
  0x0000023040fa6000 VMThread "VM Thread" [stack: 0x000000ab69900000,0x000000ab69a00000] [id=15132]
  0x0000023041ba5800 WatcherThread [stack: 0x000000ab6a400000,0x000000ab6a500000] [id=13188]
  0x0000023023821000 GCTaskThread "GC Thread#0" [stack: 0x000000ab69400000,0x000000ab69500000] [id=18632]
  0x00000230423d0800 GCTaskThread "GC Thread#1" [stack: 0x000000ab6a500000,0x000000ab6a600000] [id=17896]
  0x00000230420ca800 GCTaskThread "GC Thread#2" [stack: 0x000000ab6a600000,0x000000ab6a700000] [id=11032]
  0x0000023043662800 GCTaskThread "GC Thread#3" [stack: 0x000000ab6b600000,0x000000ab6b700000] [id=3412]
  0x0000023023854800 ConcurrentGCThread "G1 Main Marker" [stack: 0x000000ab69500000,0x000000ab69600000] [id=13472]
  0x0000023023858800 ConcurrentGCThread "G1 Conc#0" [stack: 0x000000ab69600000,0x000000ab69700000] [id=10560]
  0x0000023040de8800 ConcurrentGCThread "G1 Refine#0" [stack: 0x000000ab69700000,0x000000ab69800000] [id=20140]
  0x0000023040ded000 ConcurrentGCThread "G1 Young RemSet Sampling" [stack: 0x000000ab69800000,0x000000ab69900000] [id=15648]

Threads with active compile tasks:
C2 CompilerThread0  2986635 8609       4       com.mysql.cj.QueryInfo::<init> (1667 bytes)

VM state:not at safepoint (normal execution)

VM Mutex/Monitor currently owned by a thread: None

Heap address: 0x0000000080a00000, size: 2038 MB, Compressed Oops mode: 32-bit
Narrow klass base: 0x0000000000000000, Narrow klass shift: 3
Compressed class space size: 1073741824 Address: 0x0000000100000000

Heap:
 garbage-first heap   total 131072K, used 30669K [0x0000000080a00000, 0x0000000100000000)
  region size 1024K, 13 young (13312K), 5 survivors (5120K)
 Metaspace       used 66986K, capacity 68210K, committed 68304K, reserved 1110016K
  class space    used 8255K, capacity 8746K, committed 8832K, reserved 1048576K
Heap Regions: E=young(eden), S=young(survivor), O=old, HS=humongous(starts), HC=humongous(continues), CS=collection set, F=free, A=archive, TAMS=top-at-mark-start (previous, next)
|   0|0x0000000080a00000, 0x0000000080b00000, 0x0000000080b00000|100%|HS|  |TAMS 0x0000000080b00000, 0x0000000080a00000| Complete 
|   1|0x0000000080b00000, 0x0000000080c00000, 0x0000000080c00000|100%| O|  |TAMS 0x0000000080c00000, 0x0000000080b00000| Untracked 
|   2|0x0000000080c00000, 0x0000000080d00000, 0x0000000080d00000|100%| O|  |TAMS 0x0000000080d00000, 0x0000000080c00000| Untracked 
|   3|0x0000000080d00000, 0x0000000080e00000, 0x0000000080e00000|100%| O|  |TAMS 0x0000000080e00000, 0x0000000080d00000| Untracked 
|   4|0x0000000080e00000, 0x0000000080f00000, 0x0000000080f00000|100%| O|  |TAMS 0x0000000080f00000, 0x0000000080e00000| Untracked 
|   5|0x0000000080f00000, 0x0000000081000000, 0x0000000081000000|100%| O|  |TAMS 0x0000000081000000, 0x0000000080f00000| Untracked 
|   6|0x0000000081000000, 0x0000000081100000, 0x0000000081100000|100%| O|  |TAMS 0x0000000081100000, 0x0000000081000000| Untracked 
|   7|0x0000000081100000, 0x0000000081200000, 0x0000000081200000|100%| O|  |TAMS 0x0000000081200000, 0x0000000081100000| Untracked 
|   8|0x0000000081200000, 0x0000000081300000, 0x0000000081300000|100%| O|  |TAMS 0x0000000081300000, 0x0000000081200000| Untracked 
|   9|0x0000000081300000, 0x0000000081400000, 0x0000000081400000|100%| O|  |TAMS 0x0000000081400000, 0x0000000081300000| Untracked 
|  10|0x0000000081400000, 0x0000000081500000, 0x0000000081500000|100%| O|  |TAMS 0x0000000081500000, 0x0000000081400000| Untracked 
|  11|0x0000000081500000, 0x0000000081600000, 0x0000000081600000|100%| O|  |TAMS 0x0000000081600000, 0x0000000081500000| Untracked 
|  12|0x0000000081600000, 0x0000000081700000, 0x0000000081700000|100%| O|  |TAMS 0x0000000081700000, 0x0000000081600000| Untracked 
|  13|0x0000000081700000, 0x0000000081800000, 0x0000000081800000|100%| O|  |TAMS 0x00000000817f5400, 0x0000000081700000| Untracked 
|  14|0x0000000081800000, 0x0000000081900000, 0x0000000081900000|100%| O|  |TAMS 0x0000000081800000, 0x0000000081800000| Untracked 
|  15|0x0000000081900000, 0x0000000081a00000, 0x0000000081a00000|100%| O|  |TAMS 0x0000000081900000, 0x0000000081900000| Untracked 
|  16|0x0000000081a00000, 0x0000000081b00000, 0x0000000081b00000|100%| O|  |TAMS 0x0000000081a00000, 0x0000000081a00000| Untracked 
|  17|0x0000000081b00000, 0x0000000081bf3400, 0x0000000081c00000| 95%| O|  |TAMS 0x0000000081b00000, 0x0000000081b00000| Untracked 
|  18|0x0000000081c00000, 0x0000000081c00000, 0x0000000081d00000|  0%| F|  |TAMS 0x0000000081c00000, 0x0000000081c00000| Untracked 
|  19|0x0000000081d00000, 0x0000000081d00000, 0x0000000081e00000|  0%| F|  |TAMS 0x0000000081d00000, 0x0000000081d00000| Untracked 
|  20|0x0000000081e00000, 0x0000000081e00000, 0x0000000081f00000|  0%| F|  |TAMS 0x0000000081e00000, 0x0000000081e00000| Untracked 
|  21|0x0000000081f00000, 0x0000000081f00000, 0x0000000082000000|  0%| F|  |TAMS 0x0000000081f00000, 0x0000000081f00000| Untracked 
|  22|0x0000000082000000, 0x0000000082000000, 0x0000000082100000|  0%| F|  |TAMS 0x0000000082000000, 0x0000000082000000| Untracked 
|  23|0x0000000082100000, 0x0000000082100000, 0x0000000082200000|  0%| F|  |TAMS 0x0000000082100000, 0x0000000082100000| Untracked 
|  24|0x0000000082200000, 0x0000000082200000, 0x0000000082300000|  0%| F|  |TAMS 0x0000000082200000, 0x0000000082200000| Untracked 
|  25|0x0000000082300000, 0x0000000082300000, 0x0000000082400000|  0%| F|  |TAMS 0x0000000082300000, 0x0000000082300000| Untracked 
|  26|0x0000000082400000, 0x0000000082400000, 0x0000000082500000|  0%| F|  |TAMS 0x0000000082400000, 0x0000000082400000| Untracked 
|  27|0x0000000082500000, 0x0000000082500000, 0x0000000082600000|  0%| F|  |TAMS 0x0000000082500000, 0x0000000082500000| Untracked 
|  28|0x0000000082600000, 0x0000000082600000, 0x0000000082700000|  0%| F|  |TAMS 0x0000000082600000, 0x0000000082600000| Untracked 
|  29|0x0000000082700000, 0x0000000082700000, 0x0000000082800000|  0%| F|  |TAMS 0x0000000082700000, 0x0000000082700000| Untracked 
|  30|0x0000000082800000, 0x0000000082800000, 0x0000000082900000|  0%| F|  |TAMS 0x0000000082800000, 0x0000000082800000| Untracked 
|  31|0x0000000082900000, 0x0000000082900000, 0x0000000082a00000|  0%| F|  |TAMS 0x0000000082900000, 0x0000000082900000| Untracked 
|  32|0x0000000082a00000, 0x0000000082a00000, 0x0000000082b00000|  0%| F|  |TAMS 0x0000000082a00000, 0x0000000082a00000| Untracked 
|  33|0x0000000082b00000, 0x0000000082b00000, 0x0000000082c00000|  0%| F|  |TAMS 0x0000000082b00000, 0x0000000082b00000| Untracked 
|  34|0x0000000082c00000, 0x0000000082c00000, 0x0000000082d00000|  0%| F|  |TAMS 0x0000000082c00000, 0x0000000082c00000| Untracked 
|  35|0x0000000082d00000, 0x0000000082d00000, 0x0000000082e00000|  0%| F|  |TAMS 0x0000000082d00000, 0x0000000082d00000| Untracked 
|  36|0x0000000082e00000, 0x0000000082e00000, 0x0000000082f00000|  0%| F|  |TAMS 0x0000000082e00000, 0x0000000082e00000| Untracked 
|  37|0x0000000082f00000, 0x0000000082f00000, 0x0000000083000000|  0%| F|  |TAMS 0x0000000082f00000, 0x0000000082f00000| Untracked 
|  38|0x0000000083000000, 0x0000000083000000, 0x0000000083100000|  0%| F|  |TAMS 0x0000000083000000, 0x0000000083000000| Untracked 
|  39|0x0000000083100000, 0x0000000083100000, 0x0000000083200000|  0%| F|  |TAMS 0x0000000083100000, 0x0000000083100000| Untracked 
|  40|0x0000000083200000, 0x0000000083200000, 0x0000000083300000|  0%| F|  |TAMS 0x0000000083200000, 0x0000000083200000| Untracked 
|  41|0x0000000083300000, 0x0000000083300000, 0x0000000083400000|  0%| F|  |TAMS 0x0000000083300000, 0x0000000083300000| Untracked 
|  42|0x0000000083400000, 0x0000000083400000, 0x0000000083500000|  0%| F|  |TAMS 0x0000000083400000, 0x0000000083400000| Untracked 
|  43|0x0000000083500000, 0x0000000083500000, 0x0000000083600000|  0%| F|  |TAMS 0x0000000083500000, 0x0000000083500000| Untracked 
|  44|0x0000000083600000, 0x0000000083600000, 0x0000000083700000|  0%| F|  |TAMS 0x0000000083600000, 0x0000000083600000| Untracked 
|  45|0x0000000083700000, 0x0000000083700000, 0x0000000083800000|  0%| F|  |TAMS 0x0000000083700000, 0x0000000083700000| Untracked 
|  46|0x0000000083800000, 0x0000000083800000, 0x0000000083900000|  0%| F|  |TAMS 0x0000000083800000, 0x0000000083800000| Untracked 
|  47|0x0000000083900000, 0x0000000083900000, 0x0000000083a00000|  0%| F|  |TAMS 0x0000000083900000, 0x0000000083900000| Untracked 
|  48|0x0000000083a00000, 0x0000000083a00000, 0x0000000083b00000|  0%| F|  |TAMS 0x0000000083a00000, 0x0000000083a00000| Untracked 
|  49|0x0000000083b00000, 0x0000000083b00000, 0x0000000083c00000|  0%| F|  |TAMS 0x0000000083b00000, 0x0000000083b00000| Untracked 
|  50|0x0000000083c00000, 0x0000000083c00000, 0x0000000083d00000|  0%| F|  |TAMS 0x0000000083c00000, 0x0000000083c00000| Untracked 
|  51|0x0000000083d00000, 0x0000000083d00000, 0x0000000083e00000|  0%| F|  |TAMS 0x0000000083d00000, 0x0000000083d00000| Untracked 
|  52|0x0000000083e00000, 0x0000000083e00000, 0x0000000083f00000|  0%| F|  |TAMS 0x0000000083e00000, 0x0000000083e00000| Untracked 
|  53|0x0000000083f00000, 0x0000000083f00000, 0x0000000084000000|  0%| F|  |TAMS 0x0000000083f00000, 0x0000000083f00000| Untracked 
|  54|0x0000000084000000, 0x0000000084000000, 0x0000000084100000|  0%| F|  |TAMS 0x0000000084000000, 0x0000000084000000| Untracked 
|  55|0x0000000084100000, 0x0000000084200000, 0x0000000084200000|100%| S|CS|TAMS 0x0000000084100000, 0x0000000084100000| Complete 
|  56|0x0000000084200000, 0x0000000084300000, 0x0000000084300000|100%| S|CS|TAMS 0x0000000084200000, 0x0000000084200000| Complete 
|  57|0x0000000084300000, 0x0000000084400000, 0x0000000084400000|100%| S|CS|TAMS 0x0000000084300000, 0x0000000084300000| Complete 
|  58|0x0000000084400000, 0x0000000084500000, 0x0000000084500000|100%| S|CS|TAMS 0x0000000084400000, 0x0000000084400000| Complete 
|  59|0x0000000084500000, 0x0000000084600000, 0x0000000084600000|100%| S|CS|TAMS 0x0000000084500000, 0x0000000084500000| Complete 
|  60|0x0000000084600000, 0x0000000084600000, 0x0000000084700000|  0%| F|  |TAMS 0x0000000084600000, 0x0000000084600000| Untracked 
|  61|0x0000000084700000, 0x0000000084700000, 0x0000000084800000|  0%| F|  |TAMS 0x0000000084700000, 0x0000000084700000| Untracked 
|  62|0x0000000084800000, 0x0000000084800000, 0x0000000084900000|  0%| F|  |TAMS 0x0000000084800000, 0x0000000084800000| Untracked 
|  63|0x0000000084900000, 0x0000000084900000, 0x0000000084a00000|  0%| F|  |TAMS 0x0000000084900000, 0x0000000084900000| Untracked 
|  64|0x0000000084a00000, 0x0000000084a00000, 0x0000000084b00000|  0%| F|  |TAMS 0x0000000084a00000, 0x0000000084a00000| Untracked 
|  65|0x0000000084b00000, 0x0000000084b00000, 0x0000000084c00000|  0%| F|  |TAMS 0x0000000084b00000, 0x0000000084b00000| Untracked 
|  66|0x0000000084c00000, 0x0000000084c00000, 0x0000000084d00000|  0%| F|  |TAMS 0x0000000084c00000, 0x0000000084c00000| Untracked 
|  67|0x0000000084d00000, 0x0000000084d00000, 0x0000000084e00000|  0%| F|  |TAMS 0x0000000084d00000, 0x0000000084d00000| Untracked 
|  68|0x0000000084e00000, 0x0000000084e00000, 0x0000000084f00000|  0%| F|  |TAMS 0x0000000084e00000, 0x0000000084e00000| Untracked 
|  69|0x0000000084f00000, 0x0000000084f00000, 0x0000000085000000|  0%| F|  |TAMS 0x0000000084f00000, 0x0000000084f00000| Untracked 
|  70|0x0000000085000000, 0x0000000085000000, 0x0000000085100000|  0%| F|  |TAMS 0x0000000085000000, 0x0000000085000000| Untracked 
|  71|0x0000000085100000, 0x0000000085100000, 0x0000000085200000|  0%| F|  |TAMS 0x0000000085100000, 0x0000000085100000| Untracked 
|  72|0x0000000085200000, 0x0000000085200000, 0x0000000085300000|  0%| F|  |TAMS 0x0000000085200000, 0x0000000085200000| Untracked 
|  73|0x0000000085300000, 0x0000000085300000, 0x0000000085400000|  0%| F|  |TAMS 0x0000000085300000, 0x0000000085300000| Untracked 
|  74|0x0000000085400000, 0x0000000085400000, 0x0000000085500000|  0%| F|  |TAMS 0x0000000085400000, 0x0000000085400000| Untracked 
|  75|0x0000000085500000, 0x0000000085500000, 0x0000000085600000|  0%| F|  |TAMS 0x0000000085500000, 0x0000000085500000| Untracked 
|  76|0x0000000085600000, 0x0000000085600000, 0x0000000085700000|  0%| F|  |TAMS 0x0000000085600000, 0x0000000085600000| Untracked 
|  77|0x0000000085700000, 0x0000000085700000, 0x0000000085800000|  0%| F|  |TAMS 0x0000000085700000, 0x0000000085700000| Untracked 
|  78|0x0000000085800000, 0x0000000085800000, 0x0000000085900000|  0%| F|  |TAMS 0x0000000085800000, 0x0000000085800000| Untracked 
|  79|0x0000000085900000, 0x0000000085900000, 0x0000000085a00000|  0%| F|  |TAMS 0x0000000085900000, 0x0000000085900000| Untracked 
|  80|0x0000000085a00000, 0x0000000085a00000, 0x0000000085b00000|  0%| F|  |TAMS 0x0000000085a00000, 0x0000000085a00000| Untracked 
|  81|0x0000000085b00000, 0x0000000085b00000, 0x0000000085c00000|  0%| F|  |TAMS 0x0000000085b00000, 0x0000000085b00000| Untracked 
|  82|0x0000000085c00000, 0x0000000085c00000, 0x0000000085d00000|  0%| F|  |TAMS 0x0000000085c00000, 0x0000000085c00000| Untracked 
|  83|0x0000000085d00000, 0x0000000085d00000, 0x0000000085e00000|  0%| F|  |TAMS 0x0000000085d00000, 0x0000000085d00000| Untracked 
|  84|0x0000000085e00000, 0x0000000085e00000, 0x0000000085f00000|  0%| F|  |TAMS 0x0000000085e00000, 0x0000000085e00000| Untracked 
|  85|0x0000000085f00000, 0x0000000085f00000, 0x0000000086000000|  0%| F|  |TAMS 0x0000000085f00000, 0x0000000085f00000| Untracked 
|  86|0x0000000086000000, 0x0000000086000000, 0x0000000086100000|  0%| F|  |TAMS 0x0000000086000000, 0x0000000086000000| Untracked 
|  87|0x0000000086100000, 0x0000000086100000, 0x0000000086200000|  0%| F|  |TAMS 0x0000000086100000, 0x0000000086100000| Untracked 
|  88|0x0000000086200000, 0x0000000086200000, 0x0000000086300000|  0%| F|  |TAMS 0x0000000086200000, 0x0000000086200000| Untracked 
|  89|0x0000000086300000, 0x0000000086300000, 0x0000000086400000|  0%| F|  |TAMS 0x0000000086300000, 0x0000000086300000| Untracked 
|  90|0x0000000086400000, 0x0000000086400000, 0x0000000086500000|  0%| F|  |TAMS 0x0000000086400000, 0x0000000086400000| Untracked 
|  91|0x0000000086500000, 0x0000000086500000, 0x0000000086600000|  0%| F|  |TAMS 0x0000000086500000, 0x0000000086500000| Untracked 
|  92|0x0000000086600000, 0x0000000086600000, 0x0000000086700000|  0%| F|  |TAMS 0x0000000086600000, 0x0000000086600000| Untracked 
|  93|0x0000000086700000, 0x0000000086700000, 0x0000000086800000|  0%| F|  |TAMS 0x0000000086700000, 0x0000000086700000| Untracked 
|  94|0x0000000086800000, 0x0000000086800000, 0x0000000086900000|  0%| F|  |TAMS 0x0000000086800000, 0x0000000086800000| Untracked 
|  95|0x0000000086900000, 0x0000000086900000, 0x0000000086a00000|  0%| F|  |TAMS 0x0000000086900000, 0x0000000086900000| Untracked 
|  96|0x0000000086a00000, 0x0000000086a00000, 0x0000000086b00000|  0%| F|  |TAMS 0x0000000086a00000, 0x0000000086a00000| Untracked 
|  97|0x0000000086b00000, 0x0000000086b00000, 0x0000000086c00000|  0%| F|  |TAMS 0x0000000086b00000, 0x0000000086b00000| Untracked 
|  98|0x0000000086c00000, 0x0000000086c00000, 0x0000000086d00000|  0%| F|  |TAMS 0x0000000086c00000, 0x0000000086c00000| Untracked 
|  99|0x0000000086d00000, 0x0000000086d00000, 0x0000000086e00000|  0%| F|  |TAMS 0x0000000086d00000, 0x0000000086d00000| Untracked 
| 100|0x0000000086e00000, 0x0000000086e00000, 0x0000000086f00000|  0%| F|  |TAMS 0x0000000086e00000, 0x0000000086e00000| Untracked 
| 101|0x0000000086f00000, 0x0000000086f00000, 0x0000000087000000|  0%| F|  |TAMS 0x0000000086f00000, 0x0000000086f00000| Untracked 
| 102|0x0000000087000000, 0x0000000087000000, 0x0000000087100000|  0%| F|  |TAMS 0x0000000087000000, 0x0000000087000000| Untracked 
| 103|0x0000000087100000, 0x0000000087100000, 0x0000000087200000|  0%| F|  |TAMS 0x0000000087100000, 0x0000000087100000| Untracked 
| 104|0x0000000087200000, 0x0000000087200000, 0x0000000087300000|  0%| F|  |TAMS 0x0000000087200000, 0x0000000087200000| Untracked 
| 105|0x0000000087300000, 0x0000000087300000, 0x0000000087400000|  0%| F|  |TAMS 0x0000000087300000, 0x0000000087300000| Untracked 
| 106|0x0000000087400000, 0x0000000087400000, 0x0000000087500000|  0%| F|  |TAMS 0x0000000087400000, 0x0000000087400000| Untracked 
| 107|0x0000000087500000, 0x0000000087500000, 0x0000000087600000|  0%| F|  |TAMS 0x0000000087500000, 0x0000000087500000| Untracked 
| 108|0x0000000087600000, 0x0000000087600000, 0x0000000087700000|  0%| F|  |TAMS 0x0000000087600000, 0x0000000087600000| Untracked 
| 109|0x0000000087700000, 0x0000000087700000, 0x0000000087800000|  0%| F|  |TAMS 0x0000000087700000, 0x0000000087700000| Untracked 
| 110|0x0000000087800000, 0x0000000087800000, 0x0000000087900000|  0%| F|  |TAMS 0x0000000087800000, 0x0000000087800000| Untracked 
| 111|0x0000000087900000, 0x0000000087900000, 0x0000000087a00000|  0%| F|  |TAMS 0x0000000087900000, 0x0000000087900000| Untracked 
| 112|0x0000000087a00000, 0x0000000087a00000, 0x0000000087b00000|  0%| F|  |TAMS 0x0000000087a00000, 0x0000000087a00000| Untracked 
| 113|0x0000000087b00000, 0x0000000087b00000, 0x0000000087c00000|  0%| F|  |TAMS 0x0000000087b00000, 0x0000000087b00000| Untracked 
| 114|0x0000000087c00000, 0x0000000087c00000, 0x0000000087d00000|  0%| F|  |TAMS 0x0000000087c00000, 0x0000000087c00000| Untracked 
| 115|0x0000000087d00000, 0x0000000087d00000, 0x0000000087e00000|  0%| F|  |TAMS 0x0000000087d00000, 0x0000000087d00000| Untracked 
| 116|0x0000000087e00000, 0x0000000087e00000, 0x0000000087f00000|  0%| F|  |TAMS 0x0000000087e00000, 0x0000000087e00000| Untracked 
| 117|0x0000000087f00000, 0x0000000087f00000, 0x0000000088000000|  0%| F|  |TAMS 0x0000000087f00000, 0x0000000087f00000| Untracked 
| 118|0x0000000088000000, 0x0000000088000000, 0x0000000088100000|  0%| F|  |TAMS 0x0000000088000000, 0x0000000088000000| Untracked 
| 119|0x0000000088100000, 0x0000000088100000, 0x0000000088200000|  0%| F|  |TAMS 0x0000000088100000, 0x0000000088100000| Untracked 
| 120|0x0000000088200000, 0x0000000088266a48, 0x0000000088300000| 40%| E|  |TAMS 0x0000000088200000, 0x0000000088200000| Complete 
| 121|0x0000000088300000, 0x0000000088400000, 0x0000000088400000|100%| E|CS|TAMS 0x0000000088300000, 0x0000000088300000| Complete 
| 122|0x0000000088400000, 0x0000000088500000, 0x0000000088500000|100%| E|CS|TAMS 0x0000000088400000, 0x0000000088400000| Complete 
| 123|0x0000000088500000, 0x0000000088600000, 0x0000000088600000|100%| E|CS|TAMS 0x0000000088500000, 0x0000000088500000| Complete 
| 124|0x0000000088600000, 0x0000000088700000, 0x0000000088700000|100%| E|CS|TAMS 0x0000000088600000, 0x0000000088600000| Complete 
| 125|0x0000000088700000, 0x0000000088800000, 0x0000000088800000|100%| E|CS|TAMS 0x0000000088700000, 0x0000000088700000| Complete 
| 126|0x0000000088800000, 0x0000000088900000, 0x0000000088900000|100%| E|CS|TAMS 0x0000000088800000, 0x0000000088800000| Complete 
| 127|0x0000000088900000, 0x0000000088a00000, 0x0000000088a00000|100%| E|CS|TAMS 0x0000000088900000, 0x0000000088900000| Complete 

Card table byte_map: [0x000002303a2e0000,0x000002303a6e0000] _byte_map_base: 0x0000023039edb000

Marking Bits (Prev, Next): (CMBitMap*) 0x000002302384ba30, (CMBitMap*) 0x000002302384b9f8
 Prev Bits: [0x000002303cac0000, 0x000002303ea98000)
 Next Bits: [0x000002303aae0000, 0x000002303cab8000)

Polling page: 0x0000023021790000

Metaspace:

Usage:
  Non-class:     58.07 MB capacity,    57.35 MB ( 99%) used,   572.84 KB ( <1%) free+waste,   160.56 KB ( <1%) overhead. 
      Class:      8.54 MB capacity,     8.06 MB ( 94%) used,   414.15 KB (  5%) free+waste,    76.19 KB ( <1%) overhead. 
       Both:     66.61 MB capacity,    65.42 MB ( 98%) used,   986.98 KB (  1%) free+waste,   236.75 KB ( <1%) overhead. 

Virtual space:
  Non-class space:       60.00 MB reserved,      58.08 MB ( 97%) committed 
      Class space:        1.00 GB reserved,       8.62 MB ( <1%) committed 
             Both:        1.06 GB reserved,      66.70 MB (  6%) committed 

Chunk freelists:
   Non-Class:  1.00 KB
       Class:  0 bytes
        Both:  1.00 KB

CodeHeap 'non-profiled nmethods': size=120064Kb used=4724Kb max_used=4724Kb free=115339Kb
 bounds [0x00000230329a0000, 0x0000023032e40000, 0x0000023039ee0000]
CodeHeap 'profiled nmethods': size=120000Kb used=19455Kb max_used=19455Kb free=100544Kb
 bounds [0x000002302b470000, 0x000002302c770000, 0x00000230329a0000]
CodeHeap 'non-nmethods': size=5696Kb used=1276Kb max_used=1329Kb free=4419Kb
 bounds [0x000002302aee0000, 0x000002302b150000, 0x000002302b470000]
 total_blobs=9264 nmethods=8593 adapters=581
 compilation: enabled
              stopped_count=0, restarted_count=0
 full_count=0

Compilation events (10 events):
Event: 2984.400 Thread 0x000002304198d800 8615       3       com.mysql.cj.jdbc.StatementImpl::startQueryTimer (12 bytes)
Event: 2984.401 Thread 0x000002304198d800 nmethod 8615 0x000002302c76c790 code [0x000002302c76c940, 0x000002302c76cb08]
Event: 2984.401 Thread 0x000002304198d800 8616       3       com.mysql.cj.AbstractQuery::startQueryTimer (63 bytes)
Event: 2984.403 Thread 0x000002304198d800 nmethod 8616 0x000002302c76cc10 code [0x000002302c76ce20, 0x000002302c76d558]
Event: 2984.403 Thread 0x000002304198d800 8622   !   3       com.mysql.cj.jdbc.StatementImpl::realClose (230 bytes)
Event: 2984.409 Thread 0x000002304198d800 nmethod 8622 0x000002302c76d890 code [0x000002302c76db80, 0x000002302c76f0c8]
Event: 2984.409 Thread 0x000002304198d800 8617       3       com.mysql.cj.jdbc.StatementImpl::statementBegins (10 bytes)
Event: 2984.409 Thread 0x000002304198d800 nmethod 8617 0x000002302c76f690 code [0x000002302c76f840, 0x000002302c76fa08]
Event: 2984.409 Thread 0x000002304198d800 8618       3       com.mysql.cj.AbstractQuery::statementBegins (14 bytes)
Event: 2984.410 Thread 0x000002304198d800 nmethod 8618 0x000002302c76fb10 code [0x000002302c76fcc0, 0x000002302c76fe58]

GC Heap History (10 events):
Event: 35.485 GC heap before
{Heap before GC invocations=12 (full 0):
 garbage-first heap   total 131072K, used 84220K [0x0000000080a00000, 0x0000000100000000)
  region size 1024K, 76 young (77824K), 3 survivors (3072K)
 Metaspace       used 32656K, capacity 33417K, committed 33584K, reserved 1079296K
  class space    used 3608K, capacity 3896K, committed 3968K, reserved 1048576K
}
Event: 35.515 GC heap after
{Heap after GC invocations=13 (full 0):
 garbage-first heap   total 131072K, used 13620K [0x0000000080a00000, 0x0000000100000000)
  region size 1024K, 7 young (7168K), 7 survivors (7168K)
 Metaspace       used 32656K, capacity 33417K, committed 33584K, reserved 1079296K
  class space    used 3608K, capacity 3896K, committed 3968K, reserved 1048576K
}
Event: 35.898 GC heap before
{Heap before GC invocations=13 (full 0):
 garbage-first heap   total 131072K, used 22836K [0x0000000080a00000, 0x0000000100000000)
  region size 1024K, 17 young (17408K), 7 survivors (7168K)
 Metaspace       used 35050K, capacity 35805K, committed 35920K, reserved 1081344K
  class space    used 3979K, capacity 4301K, committed 4352K, reserved 1048576K
}
Event: 35.904 GC heap after
{Heap after GC invocations=14 (full 0):
 garbage-first heap   total 131072K, used 14588K [0x0000000080a00000, 0x0000000100000000)
  region size 1024K, 6 young (6144K), 6 survivors (6144K)
 Metaspace       used 35050K, capacity 35805K, committed 35920K, reserved 1081344K
  class space    used 3979K, capacity 4301K, committed 4352K, reserved 1048576K
}
Event: 38.411 GC heap before
{Heap before GC invocations=15 (full 0):
 garbage-first heap   total 131072K, used 77052K [0x0000000080a00000, 0x0000000100000000)
  region size 1024K, 67 young (68608K), 6 survivors (6144K)
 Metaspace       used 48435K, capacity 49400K, committed 49616K, reserved 1093632K
  class space    used 5789K, capacity 6167K, committed 6272K, reserved 1048576K
}
Event: 38.421 GC heap after
{Heap after GC invocations=16 (full 0):
 garbage-first heap   total 131072K, used 18496K [0x0000000080a00000, 0x0000000100000000)
  region size 1024K, 5 young (5120K), 5 survivors (5120K)
 Metaspace       used 48435K, capacity 49400K, committed 49616K, reserved 1093632K
  class space    used 5789K, capacity 6167K, committed 6272K, reserved 1048576K
}
Event: 40.479 GC heap before
{Heap before GC invocations=16 (full 0):
 garbage-first heap   total 131072K, used 70720K [0x0000000080a00000, 0x0000000100000000)
  region size 1024K, 57 young (58368K), 5 survivors (5120K)
 Metaspace       used 59104K, capacity 60168K, committed 60240K, reserved 1101824K
  class space    used 7471K, capacity 7924K, committed 7936K, reserved 1048576K
}
Event: 40.485 GC heap after
{Heap after GC invocations=17 (full 0):
 garbage-first heap   total 131072K, used 21409K [0x0000000080a00000, 0x0000000100000000)
  region size 1024K, 7 young (7168K), 7 survivors (7168K)
 Metaspace       used 59104K, capacity 60168K, committed 60240K, reserved 1101824K
  class space    used 7471K, capacity 7924K, committed 7936K, reserved 1048576K
}
Event: 2430.833 GC heap before
{Heap before GC invocations=18 (full 0):
 garbage-first heap   total 131072K, used 83873K [0x0000000080a00000, 0x0000000100000000)
  region size 1024K, 68 young (69632K), 7 survivors (7168K)
 Metaspace       used 66770K, capacity 68014K, committed 68304K, reserved 1110016K
  class space    used 8255K, capacity 8746K, committed 8832K, reserved 1048576K
}
Event: 2431.054 GC heap after
{Heap after GC invocations=19 (full 0):
 garbage-first heap   total 131072K, used 23501K [0x0000000080a00000, 0x0000000100000000)
  region size 1024K, 5 young (5120K), 5 survivors (5120K)
 Metaspace       used 66770K, capacity 68014K, committed 68304K, reserved 1110016K
  class space    used 8255K, capacity 8746K, committed 8832K, reserved 1048576K
}

Deoptimization events (10 events):
Event: 42.430 Thread 0x0000023042f58000 Uncommon trap: reason=unstable_if action=reinterpret pc=0x0000023032b33d3c method=java.lang.String.lastIndexOf(II)I @ 4 c2
Event: 42.442 Thread 0x0000023042406000 Uncommon trap: reason=class_check action=maybe_recompile pc=0x0000023032cce4f8 method=org.antlr.v4.runtime.atn.PredictionContext.merge(Lorg/antlr/v4/runtime/atn/PredictionContext;Lorg/antlr/v4/runtime/atn/PredictionContext;ZLorg/antlr/v4/runtime/misc/Doub
Event: 42.442 Thread 0x0000023042406000 Uncommon trap: reason=unstable_if action=reinterpret pc=0x0000023032ccde90 method=org.antlr.v4.runtime.atn.PredictionContext.mergeRoot(Lorg/antlr/v4/runtime/atn/SingletonPredictionContext;Lorg/antlr/v4/runtime/atn/SingletonPredictionContext;Z)Lorg/antlr/v
Event: 42.584 Thread 0x0000023042406000 Uncommon trap: reason=unstable_if action=reinterpret pc=0x0000023032cbac7c method=org.antlr.v4.runtime.atn.ParserATNSimulator.closure_(Lorg/antlr/v4/runtime/atn/ATNConfig;Lorg/antlr/v4/runtime/atn/ATNConfigSet;Ljava/util/Set;ZZIZ)V @ 47 c2
Event: 42.585 Thread 0x0000023042406000 Uncommon trap: reason=unstable_if action=reinterpret pc=0x0000023032cc3fec method=org.antlr.v4.runtime.atn.ParserATNSimulator.closure_(Lorg/antlr/v4/runtime/atn/ATNConfig;Lorg/antlr/v4/runtime/atn/ATNConfigSet;Ljava/util/Set;ZZIZ)V @ 47 c2
Event: 45.550 Thread 0x0000023042409000 Uncommon trap: reason=unstable_if action=reinterpret pc=0x0000023032cd9f94 method=java.util.concurrent.locks.AbstractQueuedSynchronizer.acquire(I)V @ 5 c2
Event: 49.286 Thread 0x0000023042405000 Uncommon trap: reason=unstable_if action=reinterpret pc=0x0000023032bb1f54 method=java.lang.String.getBytes([BIB)V @ 5 c2
Event: 597.543 Thread 0x0000023042f55800 Uncommon trap: reason=unstable_if action=reinterpret pc=0x0000023032d3326c method=java.util.concurrent.locks.ReentrantLock$Sync.nonfairTryAcquire(I)Z @ 19 c2
Event: 638.548 Thread 0x0000023042f55800 Uncommon trap: reason=unstable_if action=reinterpret pc=0x0000023032d3226c method=java.util.concurrent.locks.ReentrantLock$Sync.nonfairTryAcquire(I)Z @ 19 c2
Event: 1396.949 Thread 0x0000023042f56800 Uncommon trap: reason=intrinsic_or_type_checked_inlining action=make_not_entrant pc=0x0000023032d5c3dc method=java.util.ArrayList.toArray([Ljava/lang/Object;)[Ljava/lang/Object; @ 36 c2

Classes redefined (0 events):
No events

Internal exceptions (10 events):
Event: 40.128 Thread 0x00000230419c3800 Exception <a 'java/lang/NoSuchMethodError'{0x00000000864e4d68}: 'int java.lang.invoke.DirectMethodHandle$Holder.invokeSpecial(java.lang.Object, java.lang.Object, java.lang.Object, java.lang.Object, java.lang.Object, java.lang.Object)'> (0x00000000864e4d68
Event: 40.147 Thread 0x00000230419c3800 Exception <a 'java/lang/NoSuchMethodError'{0x0000000086364d40}: 'java.lang.Object java.lang.invoke.DirectMethodHandle$Holder.invokeStatic(java.lang.Object, java.lang.Object, java.lang.Object, java.lang.Object, java.lang.Object, java.lang.Object, java.lang
Event: 40.147 Thread 0x00000230419c3800 Exception <a 'java/lang/NoSuchMethodError'{0x0000000086369620}: 'java.lang.Object java.lang.invoke.DirectMethodHandle$Holder.invokeSpecial(java.lang.Object, java.lang.Object, java.lang.Object, java.lang.Object, java.lang.Object, java.lang.Object, java.lan
Event: 41.900 Thread 0x00000230419c3800 Exception <a 'java/lang/NoSuchMethodError'{0x00000000875a4b40}: 'int java.lang.invoke.DirectMethodHandle$Holder.invokeVirtual(java.lang.Object, java.lang.Object)'> (0x00000000875a4b40) thrown at [./open/src/hotspot/share/interpreter/linkResolver.cpp, line
Event: 41.945 Thread 0x00000230419c3800 Exception <a 'java/lang/NoSuchMethodError'{0x000000008736a0b0}: 'void java.lang.invoke.DirectMethodHandle$Holder.invokeSpecial(java.lang.Object, java.lang.Object, java.lang.Object, java.lang.Object, java.lang.Object)'> (0x000000008736a0b0) thrown at [./op
Event: 41.979 Thread 0x00000230419c3800 Exception <a 'java/lang/IncompatibleClassChangeError'{0x0000000087294b60}: Found class java.lang.Object, but interface was expected> (0x0000000087294b60) thrown at [./open/src/hotspot/share/interpreter/linkResolver.cpp, line 839]
Event: 42.219 Thread 0x00000230419c3800 Exception <a 'java/lang/NoSuchMethodError'{0x0000000086ba52e0}: 'java.lang.Object java.lang.invoke.DirectMethodHandle$Holder.invokeStaticInit(java.lang.Object, int)'> (0x0000000086ba52e0) thrown at [./open/src/hotspot/share/interpreter/linkResolver.cpp, l
Event: 1407.530 Thread 0x0000023042403000 Exception <a 'java/lang/ArrayIndexOutOfBoundsException'{0x0000000085f3e0e8}> (0x0000000085f3e0e8) thrown at [./open/src/hotspot/share/runtime/sharedRuntime.cpp, line 605]
Event: 1409.766 Thread 0x0000023042b80800 Exception <a 'java/lang/ArrayIndexOutOfBoundsException'{0x00000000860e56a8}> (0x00000000860e56a8) thrown at [./open/src/hotspot/share/runtime/sharedRuntime.cpp, line 605]
Event: 1409.770 Thread 0x0000023042f57000 Exception <a 'java/lang/ArrayIndexOutOfBoundsException'{0x0000000086824e10}> (0x0000000086824e10) thrown at [./open/src/hotspot/share/runtime/sharedRuntime.cpp, line 605]

Events (10 events):
Event: 2541.806 Executing VM operation: RevokeBias
Event: 2541.811 Executing VM operation: RevokeBias done
Event: 2541.811 Executing VM operation: RevokeBias
Event: 2541.811 Executing VM operation: RevokeBias done
Event: 2749.369 Executing VM operation: RevokeBias
Event: 2749.370 Executing VM operation: RevokeBias done
Event: 2749.370 Executing VM operation: RevokeBias
Event: 2749.370 Executing VM operation: RevokeBias done
Event: 2984.345 Thread 0x0000023042adb000 DEOPT PACKING pc=0x000002302c329828 sp=0x000000ab6a9fac40
Event: 2984.347 Thread 0x0000023042adb000 DEOPT UNPACKING pc=0x000002302af06d5e sp=0x000000ab6a9fa438 mode 0


Dynamic libraries:
0x00007ff6048d0000 - 0x00007ff6048e0000 	C:\Program Files\Java\jdk-11\bin\java.exe
0x00007fffc2b40000 - 0x00007fffc2da7000 	C:\Windows\SYSTEM32\ntdll.dll
0x00007fff94b40000 - 0x00007fff94b60000 	C:\Program Files\Avast Software\Avast\aswhook.dll
0x00007fffc2430000 - 0x00007fffc24f9000 	C:\Windows\System32\KERNEL32.DLL
0x00007fffc0450000 - 0x00007fffc083f000 	C:\Windows\System32\KERNELBASE.dll
0x00007fffbfcc0000 - 0x00007fffbfe0b000 	C:\Windows\System32\ucrtbase.dll
0x00007fffaefc0000 - 0x00007fffaefd9000 	C:\Program Files\Java\jdk-11\bin\jli.dll
0x00007fffc0de0000 - 0x00007fffc0e94000 	C:\Windows\System32\ADVAPI32.dll
0x00007fffc1e90000 - 0x00007fffc1f39000 	C:\Windows\System32\msvcrt.dll
0x00007fffc2840000 - 0x00007fffc28e6000 	C:\Windows\System32\sechost.dll
0x00007fffc22d0000 - 0x00007fffc23e8000 	C:\Windows\System32\RPCRT4.dll
0x00007fffc0c10000 - 0x00007fffc0dd5000 	C:\Windows\System32\USER32.dll
0x00007fffbfc90000 - 0x00007fffbfcb7000 	C:\Windows\System32\win32u.dll
0x00007fffc2810000 - 0x00007fffc283b000 	C:\Windows\System32\GDI32.dll
0x00007fffbff80000 - 0x00007fffc00ac000 	C:\Windows\System32\gdi32full.dll
0x00007fffbfe10000 - 0x00007fffbfeb3000 	C:\Windows\System32\msvcp_win.dll
0x00007fffa5970000 - 0x00007fffa5c03000 	C:\Windows\WinSxS\amd64_microsoft.windows.common-controls_6595b64144ccf1df_6.0.26100.7309_none_3e05feeae336a044\COMCTL32.dll
0x00007fffb94d0000 - 0x00007fffb94db000 	C:\Windows\SYSTEM32\VERSION.dll
0x00007fffaebe0000 - 0x00007fffaebfb000 	C:\Program Files\Java\jdk-11\bin\VCRUNTIME140.dll
0x00007fffc23f0000 - 0x00007fffc2421000 	C:\Windows\System32\IMM32.DLL
0x00007fffaf040000 - 0x00007fffaf04c000 	C:\Program Files\Java\jdk-11\bin\vcruntime140_1.dll
0x00007fffa2e70000 - 0x00007fffa2efe000 	C:\Program Files\Java\jdk-11\bin\msvcp140.dll
0x00007fff2b060000 - 0x00007fff2bbc3000 	C:\Program Files\Java\jdk-11\bin\server\jvm.dll
0x00007fffc1b70000 - 0x00007fffc1b78000 	C:\Windows\System32\PSAPI.DLL
0x00007fffb0880000 - 0x00007fffb088a000 	C:\Windows\SYSTEM32\WSOCK32.dll
0x00007fffc1ba0000 - 0x00007fffc1c14000 	C:\Windows\System32\WS2_32.dll
0x00007fffb3de0000 - 0x00007fffb3e15000 	C:\Windows\SYSTEM32\WINMM.dll
0x00007fffbea40000 - 0x00007fffbea5b000 	C:\Windows\SYSTEM32\kernel.appcore.dll
0x00007fffaecb0000 - 0x00007fffaecc0000 	C:\Program Files\Java\jdk-11\bin\verify.dll
0x00007fffb3940000 - 0x00007fffb3b82000 	C:\Windows\SYSTEM32\DBGHELP.DLL
0x00007fffc1f40000 - 0x00007fffc22c5000 	C:\Windows\System32\combase.dll
0x00007fffc1c20000 - 0x00007fffc1cf6000 	C:\Windows\System32\OLEAUT32.dll
0x00007fffb3c00000 - 0x00007fffb3c3c000 	C:\Windows\SYSTEM32\dbgcore.DLL
0x00007fffc03a0000 - 0x00007fffc0445000 	C:\Windows\System32\bcryptPrimitives.dll
0x00007fffaddb0000 - 0x00007fffaddd8000 	C:\Program Files\Java\jdk-11\bin\java.dll
0x00007fffaec60000 - 0x00007fffaec6a000 	C:\Program Files\Java\jdk-11\bin\jimage.dll
0x00007fffaeb60000 - 0x00007fffaeb6e000 	C:\Program Files\Java\jdk-11\bin\instrument.dll
0x00007fffae880000 - 0x00007fffae897000 	C:\Program Files\Java\jdk-11\bin\zip.dll
0x00007fffc0f80000 - 0x00007fffc16d3000 	C:\Windows\System32\SHELL32.dll
0x00007fffc00b0000 - 0x00007fffc021a000 	C:\Windows\System32\wintypes.dll
0x00007fffbd8d0000 - 0x00007fffbe12e000 	C:\Windows\SYSTEM32\windows.storage.dll
0x00007fffc26f0000 - 0x00007fffc27e5000 	C:\Windows\System32\SHCORE.dll
0x00007fffc2a90000 - 0x00007fffc2af6000 	C:\Windows\System32\shlwapi.dll
0x00007fffbfbb0000 - 0x00007fffbfbd9000 	C:\Windows\SYSTEM32\profapi.dll
0x00007fffadd90000 - 0x00007fffadda9000 	C:\Program Files\Java\jdk-11\bin\net.dll
0x00007fffb96a0000 - 0x00007fffb97c8000 	C:\Windows\SYSTEM32\WINHTTP.dll
0x00007fffbefb0000 - 0x00007fffbf01b000 	C:\Windows\system32\mswsock.dll
0x00007fffadd70000 - 0x00007fffadd82000 	C:\Program Files\Java\jdk-11\bin\nio.dll
0x00007fffaea90000 - 0x00007fffaea99000 	C:\Program Files\Java\jdk-11\bin\management.dll
0x00007fffadd60000 - 0x00007fffadd6b000 	C:\Program Files\Java\jdk-11\bin\management_ext.dll
0x00007fffae3e0000 - 0x00007fffae407000 	C:\Program Files\Java\jdk-11\bin\sunec.dll
0x00007fffae3d0000 - 0x00007fffae3de000 	C:\Program Files\Java\jdk-11\bin\sunmscapi.dll
0x00007fffc0220000 - 0x00007fffc0397000 	C:\Windows\System32\CRYPT32.dll
0x00007fffbf490000 - 0x00007fffbf4c0000 	C:\Windows\SYSTEM32\ncrypt.dll
0x00007fffbf440000 - 0x00007fffbf47f000 	C:\Windows\SYSTEM32\NTASN1.dll
0x00007fffbf280000 - 0x00007fffbf29b000 	C:\Windows\SYSTEM32\CRYPTSP.dll
0x00007fffbe9a0000 - 0x00007fffbe9da000 	C:\Windows\system32\rsaenh.dll
0x00007fffbf060000 - 0x00007fffbf08b000 	C:\Windows\SYSTEM32\USERENV.dll
0x00007fffbfb80000 - 0x00007fffbfbaa000 	C:\Windows\SYSTEM32\bcrypt.dll
0x00007fffbf270000 - 0x00007fffbf27c000 	C:\Windows\SYSTEM32\CRYPTBASE.dll
0x00007fffbe450000 - 0x00007fffbe484000 	C:\Windows\SYSTEM32\IPHLPAPI.DLL
0x00007fffc1b80000 - 0x00007fffc1b8a000 	C:\Windows\System32\NSI.dll
0x00007fffb9620000 - 0x00007fffb963e000 	C:\Windows\SYSTEM32\dhcpcsvc6.DLL
0x00007fffb95f0000 - 0x00007fffb9613000 	C:\Windows\SYSTEM32\dhcpcsvc.DLL
0x00007fffbe4e0000 - 0x00007fffbe60c000 	C:\Windows\SYSTEM32\DNSAPI.dll
0x00007fffb90f0000 - 0x00007fffb90fb000 	C:\Windows\System32\rasadhlp.dll
0x00007fffb8f30000 - 0x00007fffb8fb6000 	C:\Windows\System32\fwpuclnt.dll

dbghelp: loaded successfully - version: 4.0.5 - missing functions: none
symbol engine: initialized successfully - sym options: 0x614 - pdb path: .;C:\Program Files\Java\jdk-11\bin;C:\Windows\SYSTEM32;C:\Program Files\Avast Software\Avast;C:\Windows\WinSxS\amd64_microsoft.windows.common-controls_6595b64144ccf1df_6.0.26100.7309_none_3e05feeae336a044;C:\Program Files\Java\jdk-11\bin\server

VM Arguments:
jvm_args: -javaagent:C:\Program Files\JetBrains\IntelliJ IDEA 2025.2.5\lib\idea_rt.jar=63603 -Dfile.encoding=UTF-8 
java_command: lk.karu.openbay.Main
java_class_path (initial): C:\Users\Chathura Hareshan\IdeaProjects\Project\OpenBay\target\classes;C:\Users\Chathura Hareshan\.m2\repository\org\mindrot\jbcrypt\0.4\jbcrypt-0.4.jar;C:\Users\Chathura Hareshan\.m2\repository\org\apache\tomcat\embed\tomcat-embed-core\10.1.7\tomcat-embed-core-10.1.7.jar;C:\Users\Chathura Hareshan\.m2\repository\org\apache\tomcat\tomcat-annotations-api\10.1.7\tomcat-annotations-api-10.1.7.jar;C:\Users\Chathura Hareshan\.m2\repository\org\apache\tomcat\embed\tomcat-embed-jasper\10.1.7\tomcat-embed-jasper-10.1.7.jar;C:\Users\Chathura Hareshan\.m2\repository\org\apache\tomcat\embed\tomcat-embed-el\10.1.7\tomcat-embed-el-10.1.7.jar;C:\Users\Chathura Hareshan\.m2\repository\org\eclipse\jdt\ecj\3.32.0\ecj-3.32.0.jar;C:\Users\Chathura Hareshan\.m2\repository\org\hibernate\orm\hibernate-core\6.1.7.Final\hibernate-core-6.1.7.Final.jar;C:\Users\Chathura Hareshan\.m2\repository\jakarta\persistence\jakarta.persistence-api\3.0.0\jakarta.persistence-api-3.0.0.jar;C:\Users\Chathura Hareshan\.m2\repository\jakarta\transaction\jakarta.transaction-api\2.0.0\jakarta.transaction-api-2.0.0.jar;C:\Users\Chathura Hareshan\.m2\repository\org\jboss\logging\jboss-logging\3.4.3.Final\jboss-logging-3.4.3.Final.jar;C:\Users\Chathura Hareshan\.m2\repository\org\hibernate\common\hibernate-commons-annotations\6.0.6.Final\hibernate-commons-annotations-6.0.6.Final.jar;C:\Users\Chathura Hareshan\.m2\repository\org\jboss\jandex\2.4.2.Final\jandex-2.4.2.Final.jar;C:\Users\Chathura Hareshan\.m2\repository\com\fasterxml\classmate\1.5.1\classmate-1.5.1.jar;C:\Users\Chathura Hareshan\.m2\repository\net\bytebuddy\byte-buddy\1.12.18\byte-buddy-1.12.18.jar;C:\Users\Chathura Hareshan\.m2\repository\jakarta\xml\bind\jakarta.xml.bind-api\3.0.1\jakarta.xml.bind-api-3.0.1.jar;C:\Users\Chathura Hareshan\.m2\repository\org\glassfish\jaxb\jaxb-runtime\3.0.2\jaxb-runtime-3.0.2.jar;C:\Users\Chathura Hareshan\.m2\repository\org\glassfish\jaxb\jaxb-core\3.0.2\jaxb-core-3.0.2.jar;C:\Users\Cha
Launcher Type: SUN_STANDARD

[Global flags]
     intx CICompilerCount                          = 3                                         {product} {ergonomic}
     uint ConcGCThreads                            = 1                                         {product} {ergonomic}
     uint G1ConcRefinementThreads                  = 4                                         {product} {ergonomic}
   size_t G1HeapRegionSize                         = 1048576                                   {product} {ergonomic}
    uintx GCDrainStackTargetSize                   = 64                                        {product} {ergonomic}
   size_t InitialHeapSize                          = 134217728                                 {product} {ergonomic}
   size_t MarkStackSize                            = 4194304                                   {product} {ergonomic}
   size_t MaxHeapSize                              = 2136997888                                {product} {ergonomic}
   size_t MaxNewSize                               = 1281359872                                {product} {ergonomic}
   size_t MinHeapDeltaBytes                        = 1048576                                   {product} {ergonomic}
    uintx NonNMethodCodeHeapSize                   = 5830732                                {pd product} {ergonomic}
    uintx NonProfiledCodeHeapSize                  = 122913754                              {pd product} {ergonomic}
    uintx ProfiledCodeHeapSize                     = 122913754                              {pd product} {ergonomic}
    uintx ReservedCodeCacheSize                    = 251658240                              {pd product} {ergonomic}
     bool SegmentedCodeCache                       = true                                      {product} {ergonomic}
     bool UseCompressedClassPointers               = true                                 {lp64_product} {ergonomic}
     bool UseCompressedOops                        = true                                 {lp64_product} {ergonomic}
     bool UseG1GC                                  = true                                      {product} {ergonomic}
     bool UseLargePagesIndividualAllocation        = false                                  {pd product} {ergonomic}

Logging:
Log output configuration:
 #0: stdout all=warning uptime,level,tags
 #1: stderr all=off uptime,level,tags

Environment Variables:
JAVA_HOME=C:\Program Files\Java\jdk-25
PATH=C:\Program Files\Java\jdk-25\bin;C:\WINDOWS\system32;C:\WINDOWS;C:\WINDOWS\System32\Wbem;C:\WINDOWS\System32\WindowsPowerShell\v1.0\;C:\WINDOWS\System32\OpenSSH\;C:\Program Files (x86)\NVIDIA Corporation\PhysX\Common;C:\Program Files\MySQL\MySQL Shell 8.0\bin\;C:\Users\Chathura Hareshan\AppData\Local\Microsoft\WindowsApps;C:\Users\Chathura Hareshan\AppData\Local\Programs\Microsoft VS Code\bin;C:\Program Files\JetBrains\IntelliJ IDEA 2025.2.5\bin;C:\Program Files\Git\cmd;C:\Program Files\nodejs\;C:\Program Files\MySQL\MySQL Shell 8.0\bin\;C:\Users\Chathura Hareshan\AppData\Local\Microsoft\WindowsApps;C:\Users\Chathura Hareshan\AppData\Local\Programs\Microsoft VS Code\bin;C:\Program Files\JetBrains\IntelliJ IDEA 2025.2.5\bin;C:\Users\Chathura Hareshan\AppData\Roaming\npm
USERNAME=Chathura Hareshan
OS=Windows_NT
PROCESSOR_IDENTIFIER=Intel64 Family 6 Model 94 Stepping 3, GenuineIntel



---------------  S Y S T E M  ---------------

OS: Windows 11 , 64 bit Build 26100 (10.0.26100.7309)

CPU:total 4 (initial active 4) (4 cores per cpu, 1 threads per core) family 6 model 94 stepping 3 microcode 0xd6, cmov, cx8, fxsr, mmx, sse, sse2, sse3, ssse3, sse4.1, sse4.2, popcnt, avx, avx2, aes, clmul, erms, rtm, 3dnowpref, lzcnt, tsc, tscinvbit, bmi1, bmi2, adx, fma

Memory: 4k page, system-wide physical 8149M (736M free)
TotalPageFile size 32725M (AvailPageFile size 10M)
current process WorkingSet (physical memory assigned to process): 56M, peak: 302M
current process commit charge ("private bytes"): 312M, peak: 362M

vm_info: Java HotSpot(TM) 64-Bit Server VM (11.0.28+12-LTS-279) for windows-amd64 JRE (11.0.28+12-LTS-279), built on Jun 27 2025 10:10:38 by "mach5one" with MS VC++ 17.6 (VS2022)

END.
